../Core/Src/main.c:69:7:Trim	32	static
../Core/Src/main.c:79:6:ToUpper	16	static
../Core/Src/main.c:90:6:ToLower	16	static
../Core/Src/main.c:101:6:CheckCMD	24	static
../Core/Src/main.c:121:6:HAL_UART_RxCpltCallback	16	static
../Core/Src/main.c:156:5:main	8	static
../Core/Src/main.c:209:6:SystemClock_Config	88	static
../Core/Src/main.c:256:13:MX_USART1_UART_Init	8	static
../Core/Src/main.c:289:13:MX_USART2_UART_Init	8	static
../Core/Src/main.c:320:13:MX_DMA_Init	16	static
../Core/Src/main.c:342:13:MX_GPIO_Init	48	static
../Core/Src/main.c:382:6:Error_Handler	4	static,ignoring_inline_asm
