../Core/Src/main.c:75:6:microDelay	24	static
../Core/Src/main.c:92:6:Trigger	8	static
../Core/Src/main.c:103:6:HAL_GPIO_EXTI_Callback	24	static
../Core/Src/main.c:125:5:main	144	static
../Core/Src/main.c:226:6:SystemClock_Config	88	static
../Core/Src/main.c:273:13:MX_TIM2_Init	32	static
../Core/Src/main.c:318:13:MX_TIM3_Init	64	static
../Core/Src/main.c:377:13:MX_USART2_UART_Init	8	static
../Core/Src/main.c:410:13:MX_GPIO_Init	48	static
../Core/Src/main.c:473:6:StartTask01	16	static
../Core/Src/main.c:497:6:StartTask02	16	static
../Core/Src/main.c:529:6:StartTask03	16	static
../Core/Src/main.c:547:6:StartTask04	32	static
../Core/Src/main.c:573:6:HAL_TIM_PeriodElapsedCallback	16	static
../Core/Src/main.c:590:6:Error_Handler	4	static,ignoring_inline_asm
