../Core/Src/main.c:74:6:microDelay	2
../Core/Src/main.c:86:6:Trigger	1
../Core/Src/main.c:96:6:HAL_GPIO_EXTI_Callback	3
../Core/Src/main.c:121:5:main	1
../Core/Src/main.c:214:6:SystemClock_Config	3
../Core/Src/main.c:261:13:MX_TIM2_Init	4
../Core/Src/main.c:306:13:MX_USART2_UART_Init	2
../Core/Src/main.c:339:13:MX_GPIO_Init	1
../Core/Src/main.c:405:6:StartTask01	2
../Core/Src/main.c:428:6:StartTask02	2
../Core/Src/main.c:450:6:StartTask03	2
../Core/Src/main.c:472:6:StartTask04	2
../Core/Src/main.c:498:6:HAL_TIM_PeriodElapsedCallback	2
../Core/Src/main.c:515:6:Error_Handler	1
