../Core/Src/main.c:67:6:LD2Test	1
../Core/Src/main.c:72:6:HAL_GPIO_EXTI_Callback	1
../Core/Src/main.c:78:6:step_half	9
../Core/Src/main.c:148:6:step_full	5
../Core/Src/main.c:187:6:step_wave	5
../Core/Src/main.c:231:5:main	1
../Core/Src/main.c:311:6:SystemClock_Config	3
../Core/Src/main.c:358:13:MX_USART2_UART_Init	2
../Core/Src/main.c:391:13:MX_GPIO_Init	1
../Core/Src/main.c:448:6:myStartTask01	1
../Core/Src/main.c:472:6:myStartTask02	3
../Core/Src/main.c:519:6:HAL_TIM_PeriodElapsedCallback	2
../Core/Src/main.c:536:6:Error_Handler	1
