../Core/Src/main.c:77:6:LD2Test	8	static
../Core/Src/main.c:85:6:HAL_GPIO_EXTI_Callback	16	static
../Core/Src/main.c:103:6:step_half	16	static
../Core/Src/main.c:173:6:step_full	16	static
../Core/Src/main.c:212:6:step_wave	16	static
../Core/Src/main.c:256:5:main	136	static
../Core/Src/main.c:354:6:SystemClock_Config	88	static
../Core/Src/main.c:401:13:MX_TIM1_Init	32	static
../Core/Src/main.c:447:13:MX_TIM2_Init	32	static
../Core/Src/main.c:492:13:MX_USART2_UART_Init	8	static
../Core/Src/main.c:525:13:MX_GPIO_Init	48	static
../Core/Src/main.c:597:6:myStartTask01	16	static
../Core/Src/main.c:624:6:myStartTask02	24	static
../Core/Src/main.c:671:6:StartTask03	16	static
../Core/Src/main.c:700:6:StartTask04	24	static
../Core/Src/main.c:726:6:HAL_TIM_PeriodElapsedCallback	16	static
../Core/Src/main.c:743:6:Error_Handler	4	static,ignoring_inline_asm
