../Core/Src/main.c:77:6:LD2Test	1
../Core/Src/main.c:85:6:HAL_GPIO_EXTI_Callback	3
../Core/Src/main.c:103:6:step_half	9
../Core/Src/main.c:173:6:step_full	5
../Core/Src/main.c:212:6:step_wave	5
../Core/Src/main.c:256:5:main	1
../Core/Src/main.c:354:6:SystemClock_Config	3
../Core/Src/main.c:401:13:MX_TIM1_Init	4
../Core/Src/main.c:447:13:MX_TIM2_Init	4
../Core/Src/main.c:492:13:MX_USART2_UART_Init	2
../Core/Src/main.c:525:13:MX_GPIO_Init	1
../Core/Src/main.c:597:6:myStartTask01	2
../Core/Src/main.c:624:6:myStartTask02	4
../Core/Src/main.c:671:6:StartTask03	2
../Core/Src/main.c:700:6:StartTask04	2
../Core/Src/main.c:726:6:HAL_TIM_PeriodElapsedCallback	2
../Core/Src/main.c:743:6:Error_Handler	1
