../Core/Src/main.c:67:6:LD2Test	8	static
../Core/Src/main.c:72:6:HAL_GPIO_EXTI_Callback	16	static
../Core/Src/main.c:78:6:step_half	16	static
../Core/Src/main.c:148:6:step_full	16	static
../Core/Src/main.c:187:6:step_wave	16	static
../Core/Src/main.c:231:5:main	72	static
../Core/Src/main.c:311:6:SystemClock_Config	88	static
../Core/Src/main.c:358:13:MX_USART2_UART_Init	8	static
../Core/Src/main.c:391:13:MX_GPIO_Init	48	static
../Core/Src/main.c:448:6:myStartTask01	24	static
../Core/Src/main.c:472:6:myStartTask02	24	static
../Core/Src/main.c:519:6:HAL_TIM_PeriodElapsedCallback	16	static
../Core/Src/main.c:536:6:Error_Handler	4	static,ignoring_inline_asm
