11:02:02 **** Incremental Build of configuration Debug for project Test006-uSonic-intr ****
make -j24 all 
arm-none-eabi-size  Test006-uSonic-intr.elf 
   text	   data	    bss	    dec	    hex	filename
  16504	    112	   2048	  18664	   48e8	Test006-uSonic-intr.elf
Finished building: default.size.stdout
 
11:21:15 **** Incremental Build of configuration Debug for project Test006-uSonic-intr ****
make -j24 all 
arm-none-eabi-gcc "../Core/Src/main.c" -mcpu=cortex-m4 -std=gnu11 -g3 -DDEBUG -DUSE_HAL_DRIVER -DSTM32F411xE -c -I../Core/Inc -I../Drivers/STM32F4xx_HAL_Driver/Inc -I../Drivers/STM32F4xx_HAL_Driver/Inc/Legacy -I../Drivers/CMSIS/Device/ST/STM32F4xx/Include -I../Drivers/CMSIS/Include -O0 -ffunction-sections -fdata-sections -Wall -fstack-usage -fcyclomatic-complexity -MMD -MP -MF"Core/Src/main.d" -MT"Core/Src/main.o" --specs=nano.specs -mfpu=fpv4-sp-d16 -mfloat-abi=hard -mthumb -o "Core/Src/main.o"
../Core/Src/main.c:21:10: fatal error: uSonic.h: No such file or directory
   21 | #include "uSonic.h"
      |          ^~~~~~~~~~
compilation terminated.
make: *** [Core/Src/subdir.mk:42: Core/Src/main.o] Error 1
"make -j24 all" terminated with exit code 2. Build might be incomplete.
12:17:45 **** Incremental Build of configuration Debug for project Test006-uSornc ****
make -j24 all 
arm-none-eabi-gcc "C:/Users/user/source/repos/STM32/myLib/MyLib.c" -mcpu=cortex-m4 -std=gnu11 -g3 -DDEBUG -DUSE_HAL_DRIVER -DSTM32F411xE -c -I../Core/Inc -I../Drivers/STM32F4xx_HAL_Driver/Inc -I../Drivers/STM32F4xx_HAL_Driver/Inc/Legacy -I../Drivers/CMSIS/Device/ST/STM32F4xx/Include -I../Drivers/CMSIS/Include -O0 -ffunction-sections -fdata-sections -Wall -fstack-usage -fcyclomatic-complexity -MMD -MP -MF"Core/Src/MyLib.d" -MT"Core/Src/MyLib.o" --specs=nano.specs -mfpu=fpv4-sp-d16 -mfloat-abi=hard -mthumb -o "Core/Src/MyLib.o"
arm-none-eabi-gcc "../Core/Src/main.c" -mcpu=cortex-m4 -std=gnu11 -g3 -DDEBUG -DUSE_HAL_DRIVER -DSTM32F411xE -c -I../Core/Inc -I../Drivers/STM32F4xx_HAL_Driver/Inc -I../Drivers/STM32F4xx_HAL_Driver/Inc/Legacy -I../Drivers/CMSIS/Device/ST/STM32F4xx/Include -I../Drivers/CMSIS/Include -O0 -ffunction-sections -fdata-sections -Wall -fstack-usage -fcyclomatic-complexity -MMD -MP -MF"Core/Src/main.d" -MT"Core/Src/main.o" --specs=nano.specs -mfpu=fpv4-sp-d16 -mfloat-abi=hard -mthumb -o "Core/Src/main.o"
arm-none-eabi-gcc "../Core/Src/stm32f4xx_hal_msp.c" -mcpu=cortex-m4 -std=gnu11 -g3 -DDEBUG -DUSE_HAL_DRIVER -DSTM32F411xE -c -I../Core/Inc -I../Drivers/STM32F4xx_HAL_Driver/Inc -I../Drivers/STM32F4xx_HAL_Driver/Inc/Legacy -I../Drivers/CMSIS/Device/ST/STM32F4xx/Include -I../Drivers/CMSIS/Include -O0 -ffunction-sections -fdata-sections -Wall -fstack-usage -fcyclomatic-complexity -MMD -MP -MF"Core/Src/stm32f4xx_hal_msp.d" -MT"Core/Src/stm32f4xx_hal_msp.o" --specs=nano.specs -mfpu=fpv4-sp-d16 -mfloat-abi=hard -mthumb -o "Core/Src/stm32f4xx_hal_msp.o"
arm-none-eabi-gcc "../Core/Src/stm32f4xx_it.c" -mcpu=cortex-m4 -std=gnu11 -g3 -DDEBUG -DUSE_HAL_DRIVER -DSTM32F411xE -c -I../Core/Inc -I../Drivers/STM32F4xx_HAL_Driver/Inc -I../Drivers/STM32F4xx_HAL_Driver/Inc/Legacy -I../Drivers/CMSIS/Device/ST/STM32F4xx/Include -I../Drivers/CMSIS/Include -O0 -ffunction-sections -fdata-sections -Wall -fstack-usage -fcyclomatic-complexity -MMD -MP -MF"Core/Src/stm32f4xx_it.d" -MT"Core/Src/stm32f4xx_it.o" --specs=nano.specs -mfpu=fpv4-sp-d16 -mfloat-abi=hard -mthumb -o "Core/Src/stm32f4xx_it.o"
arm-none-eabi-gcc "../Core/Src/syscalls.c" -mcpu=cortex-m4 -std=gnu11 -g3 -DDEBUG -DUSE_HAL_DRIVER -DSTM32F411xE -c -I../Core/Inc -I../Drivers/STM32F4xx_HAL_Driver/Inc -I../Drivers/STM32F4xx_HAL_Driver/Inc/Legacy -I../Drivers/CMSIS/Device/ST/STM32F4xx/Include -I../Drivers/CMSIS/Include -O0 -ffunction-sections -fdata-sections -Wall -fstack-usage -fcyclomatic-complexity -MMD -MP -MF"Core/Src/syscalls.d" -MT"Core/Src/syscalls.o" --specs=nano.specs -mfpu=fpv4-sp-d16 -mfloat-abi=hard -mthumb -o "Core/Src/syscalls.o"
arm-none-eabi-gcc "../Core/Src/sysmem.c" -mcpu=cortex-m4 -std=gnu11 -g3 -DDEBUG -DUSE_HAL_DRIVER -DSTM32F411xE -c -I../Core/Inc -I../Drivers/STM32F4xx_HAL_Driver/Inc -I../Drivers/STM32F4xx_HAL_Driver/Inc/Legacy -I../Drivers/CMSIS/Device/ST/STM32F4xx/Include -I../Drivers/CMSIS/Include -O0 -ffunction-sections -fdata-sections -Wall -fstack-usage -fcyclomatic-complexity -MMD -MP -MF"Core/Src/sysmem.d" -MT"Core/Src/sysmem.o" --specs=nano.specs -mfpu=fpv4-sp-d16 -mfloat-abi=hard -mthumb -o "Core/Src/sysmem.o"
arm-none-eabi-gcc "../Core/Src/system_stm32f4xx.c" -mcpu=cortex-m4 -std=gnu11 -g3 -DDEBUG -DUSE_HAL_DRIVER -DSTM32F411xE -c -I../Core/Inc -I../Drivers/STM32F4xx_HAL_Driver/Inc -I../Drivers/STM32F4xx_HAL_Driver/Inc/Legacy -I../Drivers/CMSIS/Device/ST/STM32F4xx/Include -I../Drivers/CMSIS/Include -O0 -ffunction-sections -fdata-sections -Wall -fstack-usage -fcyclomatic-complexity -MMD -MP -MF"Core/Src/system_stm32f4xx.d" -MT"Core/Src/system_stm32f4xx.o" --specs=nano.specs -mfpu=fpv4-sp-d16 -mfloat-abi=hard -mthumb -o "Core/Src/system_stm32f4xx.o"
arm-none-eabi-gcc "C:/Users/user/source/repos/STM32/myLib/uSonic.c" -mcpu=cortex-m4 -std=gnu11 -g3 -DDEBUG -DUSE_HAL_DRIVER -DSTM32F411xE -c -I../Core/Inc -I../Drivers/STM32F4xx_HAL_Driver/Inc -I../Drivers/STM32F4xx_HAL_Driver/Inc/Legacy -I../Drivers/CMSIS/Device/ST/STM32F4xx/Include -I../Drivers/CMSIS/Include -O0 -ffunction-sections -fdata-sections -Wall -fstack-usage -fcyclomatic-complexity -MMD -MP -MF"Core/Src/uSonic.d" -MT"Core/Src/uSonic.o" --specs=nano.specs -mfpu=fpv4-sp-d16 -mfloat-abi=hard -mthumb -o "Core/Src/uSonic.o"
../Core/Src/main.c: In function 'main':
../Core/Src/main.c:116:3: warning: implicit declaration of function 'ProgramStart' [-Wimplicit-function-declaration]
  116 |   ProgramStart ("Ultra Sonic SR-04(SRF-05");
      |   ^~~~~~~~~~~~
../Core/Src/main.c:142:20: warning: implicit declaration of function 'Distance' [-Wimplicit-function-declaration]
  142 |      double dist = Distance();
      |                    ^~~~~~~~
../Core/Src/main.c:143:6: warning: implicit declaration of function 'printf' [-Wimplicit-function-declaration]
  143 |      printf("Distance : %f\r\n", dist);
      |      ^~~~~~
../Core/Src/main.c:21:1: note: include '<stdio.h>' or provide a declaration of 'printf'
   20 | #include "main.h"
  +++ |+#include <stdio.h>
   21 | 
../Core/Src/main.c:143:6: warning: incompatible implicit declaration of built-in function 'printf' [-Wbuiltin-declaration-mismatch]
  143 |      printf("Distance : %f\r\n", dist);
      |      ^~~~~~
../Core/Src/main.c:143:6: note: include '<stdio.h>' or provide a declaration of 'printf'
C:/Users/user/source/repos/STM32/myLib/MyLib.c: In function '__io_getchar':
C:/Users/user/source/repos/STM32/myLib/MyLib.c:17:36: warning: pointer targets in passing argument 2 of 'HAL_UART_Receive' differ in signedness [-Wpointer-sign]
   17 |    while(HAL_UART_Receive(&huart2, &ch, 1, 10) != HAL_OK);
      |                                    ^~~
      |                                    |
      |                                    char *
In file included from ../Core/Inc/stm32f4xx_hal_conf.h:411,
                 from ../Drivers/STM32F4xx_HAL_Driver/Inc/stm32f4xx_hal.h:29,
                 from ../Core/Inc/main.h:30,
                 from C:/Users/user/source/repos/STM32/myLib/MyLib.c:7:
../Drivers/STM32F4xx_HAL_Driver/Inc/stm32f4xx_hal_uart.h:746:72: note: expected 'uint8_t *' {aka 'unsigned char *'} but argument is of type 'char *'
  746 | HAL_StatusTypeDef HAL_UART_Receive(UART_HandleTypeDef *huart, uint8_t *pData, uint16_t Size, uint32_t Timeout);
      |                                                               ~~~~~~~~~^~~~~
C:/Users/user/source/repos/STM32/myLib/MyLib.c:18:31: warning: pointer targets in passing argument 2 of 'HAL_UART_Transmit' differ in signedness [-Wpointer-sign]
   18 |    HAL_UART_Transmit(&huart2, &ch, 1, 10); // echo: Serial ?Üµ?ã†?óê?Ñú Î∞õÏ? ?ç∞?ù¥?Ñ∞Î•? Í∑∏Î?Î°? ?èå?†§Ï£ºÎäî Í≤?
      |                               ^~~
      |                               |
      |                               char *
In file included from ../Core/Inc/stm32f4xx_hal_conf.h:411,
                 from ../Drivers/STM32F4xx_HAL_Driver/Inc/stm32f4xx_hal.h:29,
                 from ../Core/Inc/main.h:30,
                 from C:/Users/user/source/repos/STM32/myLib/MyLib.c:7:
../Drivers/STM32F4xx_HAL_Driver/Inc/stm32f4xx_hal_uart.h:745:79: note: expected 'const uint8_t *' {aka 'const unsigned char *'} but argument is of type 'char *'
  745 | HAL_StatusTypeDef HAL_UART_Transmit(UART_HandleTypeDef *huart, const uint8_t *pData, uint16_t Size, uint32_t Timeout);
      |                                                                ~~~~~~~~~~~~~~~^~~~~
C:/Users/user/source/repos/STM32/myLib/MyLib.c:19:46: warning: pointer targets in passing argument 2 of 'HAL_UART_Transmit' differ in signedness [-Wpointer-sign]
   19 |    if(ch == '\r') HAL_UART_Transmit(&huart2, "\n", 1, 10);
      |                                              ^~~~
      |                                              |
      |                                              char *
In file included from ../Core/Inc/stm32f4xx_hal_conf.h:411,
                 from ../Drivers/STM32F4xx_HAL_Driver/Inc/stm32f4xx_hal.h:29,
                 from ../Core/Inc/main.h:30,
                 from C:/Users/user/source/repos/STM32/myLib/MyLib.c:7:
../Drivers/STM32F4xx_HAL_Driver/Inc/stm32f4xx_hal_uart.h:745:79: note: expected 'const uint8_t *' {aka 'const unsigned char *'} but argument is of type 'char *'
  745 | HAL_StatusTypeDef HAL_UART_Transmit(UART_HandleTypeDef *huart, const uint8_t *pData, uint16_t Size, uint32_t Timeout);
      |                                                                ~~~~~~~~~~~~~~~^~~~~
C:/Users/user/source/repos/STM32/myLib/MyLib.c: In function '__io_putchar':
C:/Users/user/source/repos/STM32/myLib/MyLib.c:24:31: warning: passing argument 2 of 'HAL_UART_Transmit' from incompatible pointer type [-Wincompatible-pointer-types]
   24 |    HAL_UART_Transmit(&huart2, &ch, 1, 10); // timeout: 10ms
      |                               ^~~
      |                               |
      |                               int *
In file included from ../Core/Inc/stm32f4xx_hal_conf.h:411,
                 from ../Drivers/STM32F4xx_HAL_Driver/Inc/stm32f4xx_hal.h:29,
                 from ../Core/Inc/main.h:30,
                 from C:/Users/user/source/repos/STM32/myLib/MyLib.c:7:
../Drivers/STM32F4xx_HAL_Driver/Inc/stm32f4xx_hal_uart.h:745:79: note: expected 'const uint8_t *' {aka 'const unsigned char *'} but argument is of type 'int *'
  745 | HAL_StatusTypeDef HAL_UART_Transmit(UART_HandleTypeDef *huart, const uint8_t *pData, uint16_t Size, uint32_t Timeout);
      |                                                                ~~~~~~~~~~~~~~~^~~~~
C:/Users/user/source/repos/STM32/myLib/MyLib.c: In function 'ProgramStart':
C:/Users/user/source/repos/STM32/myLib/MyLib.c:30:4: warning: implicit declaration of function 'cls' [-Wimplicit-function-declaration]
   30 |    cls();
      |    ^~~
C:/Users/user/source/repos/STM32/myLib/MyLib.c:31:4: warning: implicit declaration of function 'Cursor' [-Wimplicit-function-declaration]
   31 |    Cursor(0,0);
      |    ^~~~~~
C:/Users/user/source/repos/STM32/myLib/MyLib.c:34:4: warning: implicit declaration of function 'StandBy' [-Wimplicit-function-declaration]
   34 |    StandBy();
      |    ^~~~~~~
C:/Users/user/source/repos/STM32/myLib/MyLib.c: At top level:
C:/Users/user/source/repos/STM32/myLib/MyLib.c:38:6: warning: conflicting types for 'StandBy'; have 'void()'
   38 | void StandBy()
      |      ^~~~~~~
C:/Users/user/source/repos/STM32/myLib/MyLib.c:34:4: note: previous implicit declaration of 'StandBy' with type 'void()'
   34 |    StandBy();
      |    ^~~~~~~
C:/Users/user/source/repos/STM32/myLib/MyLib.c:43:6: warning: conflicting types for 'cls'; have 'void()'
   43 | void cls() // ?ôîÎ©? clear
      |      ^~~
C:/Users/user/source/repos/STM32/myLib/MyLib.c:30:4: note: previous implicit declaration of 'cls' with type 'void()'
   30 |    cls();
      |    ^~~
C:/Users/user/source/repos/STM32/myLib/MyLib.c:48:6: warning: conflicting types for 'Cursor'; have 'void(int,  int)'
   48 | void Cursor(int x, int y)
      |      ^~~~~~
C:/Users/user/source/repos/STM32/myLib/MyLib.c:31:4: note: previous implicit declaration of 'Cursor' with type 'void(int,  int)'
   31 |    Cursor(0,0);
      |    ^~~~~~
C:/Users/user/source/repos/STM32/myLib/uSonic.c: In function 'Distance':
C:/Users/user/source/repos/STM32/myLib/uSonic.c:31:8: warning: unused variable 't0' [-Wunused-variable]
   31 |    int t0, t1, t2;
      |        ^~
arm-none-eabi-gcc -o "Test006-uSornc.elf" @"objects.list"   -mcpu=cortex-m4 -T"C:\Users\user\source\repos\STM32\Test006-uSornc\STM32F411RETX_FLASH.ld" --specs=nosys.specs -Wl,-Map="Test006-uSornc.map" -Wl,--gc-sections -static --specs=nano.specs -mfpu=fpv4-sp-d16 -mfloat-abi=hard -mthumb -u _printf_float -u _scanf_float -Wl,--start-group -lc -lm -Wl,--end-group
Finished building target: Test006-uSornc.elf
 
arm-none-eabi-size  Test006-uSornc.elf 
arm-none-eabi-objdump -h -S Test006-uSornc.elf  > "Test006-uSornc.list"
   text	   data	    bss	    dec	    hex	filename
  34448	    476	   2052	  36976	   9070	Test006-uSornc.elf
Finished building: default.size.stdout
 
Finished building: Test006-uSornc.list
 
12:19:14 **** Incremental Build of configuration Debug for project Test006-uSonic-intr ****
make -j24 all 
arm-none-eabi-gcc "C:/Users/user/source/repos/STM32/myLib/MyLib.c" -mcpu=cortex-m4 -std=gnu11 -g3 -DDEBUG -DUSE_HAL_DRIVER -DSTM32F411xE -c -I../Core/Inc -I../Drivers/STM32F4xx_HAL_Driver/Inc -I../Drivers/STM32F4xx_HAL_Driver/Inc/Legacy -I../Drivers/CMSIS/Device/ST/STM32F4xx/Include -I../Drivers/CMSIS/Include -O0 -ffunction-sections -fdata-sections -Wall -fstack-usage -fcyclomatic-complexity -MMD -MP -MF"Core/Src/MyLib.d" -MT"Core/Src/MyLib.o" --specs=nano.specs -mfpu=fpv4-sp-d16 -mfloat-abi=hard -mthumb -o "Core/Src/MyLib.o"
arm-none-eabi-gcc "../Core/Src/main.c" -mcpu=cortex-m4 -std=gnu11 -g3 -DDEBUG -DUSE_HAL_DRIVER -DSTM32F411xE -c -I../Core/Inc -I../Drivers/STM32F4xx_HAL_Driver/Inc -I../Drivers/STM32F4xx_HAL_Driver/Inc/Legacy -I../Drivers/CMSIS/Device/ST/STM32F4xx/Include -I../Drivers/CMSIS/Include -O0 -ffunction-sections -fdata-sections -Wall -fstack-usage -fcyclomatic-complexity -MMD -MP -MF"Core/Src/main.d" -MT"Core/Src/main.o" --specs=nano.specs -mfpu=fpv4-sp-d16 -mfloat-abi=hard -mthumb -o "Core/Src/main.o"
arm-none-eabi-gcc "../Core/Src/stm32f4xx_hal_msp.c" -mcpu=cortex-m4 -std=gnu11 -g3 -DDEBUG -DUSE_HAL_DRIVER -DSTM32F411xE -c -I../Core/Inc -I../Drivers/STM32F4xx_HAL_Driver/Inc -I../Drivers/STM32F4xx_HAL_Driver/Inc/Legacy -I../Drivers/CMSIS/Device/ST/STM32F4xx/Include -I../Drivers/CMSIS/Include -O0 -ffunction-sections -fdata-sections -Wall -fstack-usage -fcyclomatic-complexity -MMD -MP -MF"Core/Src/stm32f4xx_hal_msp.d" -MT"Core/Src/stm32f4xx_hal_msp.o" --specs=nano.specs -mfpu=fpv4-sp-d16 -mfloat-abi=hard -mthumb -o "Core/Src/stm32f4xx_hal_msp.o"
arm-none-eabi-gcc "../Core/Src/stm32f4xx_it.c" -mcpu=cortex-m4 -std=gnu11 -g3 -DDEBUG -DUSE_HAL_DRIVER -DSTM32F411xE -c -I../Core/Inc -I../Drivers/STM32F4xx_HAL_Driver/Inc -I../Drivers/STM32F4xx_HAL_Driver/Inc/Legacy -I../Drivers/CMSIS/Device/ST/STM32F4xx/Include -I../Drivers/CMSIS/Include -O0 -ffunction-sections -fdata-sections -Wall -fstack-usage -fcyclomatic-complexity -MMD -MP -MF"Core/Src/stm32f4xx_it.d" -MT"Core/Src/stm32f4xx_it.o" --specs=nano.specs -mfpu=fpv4-sp-d16 -mfloat-abi=hard -mthumb -o "Core/Src/stm32f4xx_it.o"
arm-none-eabi-gcc "C:/Users/user/source/repos/STM32/myLib/uSonic.c" -mcpu=cortex-m4 -std=gnu11 -g3 -DDEBUG -DUSE_HAL_DRIVER -DSTM32F411xE -c -I../Core/Inc -I../Drivers/STM32F4xx_HAL_Driver/Inc -I../Drivers/STM32F4xx_HAL_Driver/Inc/Legacy -I../Drivers/CMSIS/Device/ST/STM32F4xx/Include -I../Drivers/CMSIS/Include -O0 -ffunction-sections -fdata-sections -Wall -fstack-usage -fcyclomatic-complexity -MMD -MP -MF"Core/Src/uSonic.d" -MT"Core/Src/uSonic.o" --specs=nano.specs -mfpu=fpv4-sp-d16 -mfloat-abi=hard -mthumb -o "Core/Src/uSonic.o"
../Core/Src/main.c: In function 'main':
../Core/Src/main.c:96:3: warning: implicit declaration of function 'ProgramStart' [-Wimplicit-function-declaration]
   96 |   ProgramStart("uSonic Test - GPIO Interrupt");
      |   ^~~~~~~~~~~~
../Core/Src/main.c:105:11: warning: implicit declaration of function 'printf' [-Wimplicit-function-declaration]
  105 |           printf("Distance = %f\r\n",dist);
      |           ^~~~~~
../Core/Src/main.c:21:1: note: include '<stdio.h>' or provide a declaration of 'printf'
   20 | #include "main.h"
  +++ |+#include <stdio.h>
   21 | 
../Core/Src/main.c:105:11: warning: incompatible implicit declaration of built-in function 'printf' [-Wbuiltin-declaration-mismatch]
  105 |           printf("Distance = %f\r\n",dist);
      |           ^~~~~~
../Core/Src/main.c:105:11: note: include '<stdio.h>' or provide a declaration of 'printf'
../Core/Src/main.c:105:38: error: 'dist' undeclared (first use in this function)
  105 |           printf("Distance = %f\r\n",dist);
      |                                      ^~~~
../Core/Src/main.c:105:38: note: each undeclared identifier is reported only once for each function it appears in
make: *** [Core/Src/subdir.mk:42: Core/Src/main.o] Error 1
make: *** Waiting for unfinished jobs....
C:/Users/user/source/repos/STM32/myLib/MyLib.c: In function '__io_getchar':
C:/Users/user/source/repos/STM32/myLib/MyLib.c:17:36: warning: pointer targets in passing argument 2 of 'HAL_UART_Receive' differ in signedness [-Wpointer-sign]
   17 |    while(HAL_UART_Receive(&huart2, &ch, 1, 10) != HAL_OK);
      |                                    ^~~
      |                                    |
      |                                    char *
In file included from ../Core/Inc/stm32f4xx_hal_conf.h:411,
                 from ../Drivers/STM32F4xx_HAL_Driver/Inc/stm32f4xx_hal.h:29,
                 from ../Core/Inc/main.h:30,
                 from C:/Users/user/source/repos/STM32/myLib/MyLib.c:7:
../Drivers/STM32F4xx_HAL_Driver/Inc/stm32f4xx_hal_uart.h:746:72: note: expected 'uint8_t *' {aka 'unsigned char *'} but argument is of type 'char *'
  746 | HAL_StatusTypeDef HAL_UART_Receive(UART_HandleTypeDef *huart, uint8_t *pData, uint16_t Size, uint32_t Timeout);
      |                                                               ~~~~~~~~~^~~~~
C:/Users/user/source/repos/STM32/myLib/MyLib.c:18:31: warning: pointer targets in passing argument 2 of 'HAL_UART_Transmit' differ in signedness [-Wpointer-sign]
   18 |    HAL_UART_Transmit(&huart2, &ch, 1, 10); // echo: Serial ?Üµ?ã†?óê?Ñú Î∞õÏ? ?ç∞?ù¥?Ñ∞Î•? Í∑∏Î?Î°? ?èå?†§Ï£ºÎäî Í≤?
      |                               ^~~
      |                               |
      |                               char *
In file included from ../Core/Inc/stm32f4xx_hal_conf.h:411,
                 from ../Drivers/STM32F4xx_HAL_Driver/Inc/stm32f4xx_hal.h:29,
                 from ../Core/Inc/main.h:30,
                 from C:/Users/user/source/repos/STM32/myLib/MyLib.c:7:
../Drivers/STM32F4xx_HAL_Driver/Inc/stm32f4xx_hal_uart.h:745:79: note: expected 'const uint8_t *' {aka 'const unsigned char *'} but argument is of type 'char *'
  745 | HAL_StatusTypeDef HAL_UART_Transmit(UART_HandleTypeDef *huart, const uint8_t *pData, uint16_t Size, uint32_t Timeout);
      |                                                                ~~~~~~~~~~~~~~~^~~~~
C:/Users/user/source/repos/STM32/myLib/MyLib.c:19:46: warning: pointer targets in passing argument 2 of 'HAL_UART_Transmit' differ in signedness [-Wpointer-sign]
   19 |    if(ch == '\r') HAL_UART_Transmit(&huart2, "\n", 1, 10);
      |                                              ^~~~
      |                                              |
      |                                              char *
In file included from ../Core/Inc/stm32f4xx_hal_conf.h:411,
                 from ../Drivers/STM32F4xx_HAL_Driver/Inc/stm32f4xx_hal.h:29,
                 from ../Core/Inc/main.h:30,
                 from C:/Users/user/source/repos/STM32/myLib/MyLib.c:7:
../Drivers/STM32F4xx_HAL_Driver/Inc/stm32f4xx_hal_uart.h:745:79: note: expected 'const uint8_t *' {aka 'const unsigned char *'} but argument is of type 'char *'
  745 | HAL_StatusTypeDef HAL_UART_Transmit(UART_HandleTypeDef *huart, const uint8_t *pData, uint16_t Size, uint32_t Timeout);
      |                                                                ~~~~~~~~~~~~~~~^~~~~
C:/Users/user/source/repos/STM32/myLib/MyLib.c: In function '__io_putchar':
C:/Users/user/source/repos/STM32/myLib/MyLib.c:24:31: warning: passing argument 2 of 'HAL_UART_Transmit' from incompatible pointer type [-Wincompatible-pointer-types]
   24 |    HAL_UART_Transmit(&huart2, &ch, 1, 10); // timeout: 10ms
      |                               ^~~
      |                               |
      |                               int *
In file included from ../Core/Inc/stm32f4xx_hal_conf.h:411,
                 from ../Drivers/STM32F4xx_HAL_Driver/Inc/stm32f4xx_hal.h:29,
                 from ../Core/Inc/main.h:30,
                 from C:/Users/user/source/repos/STM32/myLib/MyLib.c:7:
../Drivers/STM32F4xx_HAL_Driver/Inc/stm32f4xx_hal_uart.h:745:79: note: expected 'const uint8_t *' {aka 'const unsigned char *'} but argument is of type 'int *'
  745 | HAL_StatusTypeDef HAL_UART_Transmit(UART_HandleTypeDef *huart, const uint8_t *pData, uint16_t Size, uint32_t Timeout);
      |                                                                ~~~~~~~~~~~~~~~^~~~~
C:/Users/user/source/repos/STM32/myLib/MyLib.c: In function 'ProgramStart':
C:/Users/user/source/repos/STM32/myLib/MyLib.c:30:4: warning: implicit declaration of function 'cls' [-Wimplicit-function-declaration]
   30 |    cls();
      |    ^~~
C:/Users/user/source/repos/STM32/myLib/MyLib.c:31:4: warning: implicit declaration of function 'Cursor' [-Wimplicit-function-declaration]
   31 |    Cursor(0,0);
      |    ^~~~~~
C:/Users/user/source/repos/STM32/myLib/MyLib.c:34:4: warning: implicit declaration of function 'StandBy' [-Wimplicit-function-declaration]
   34 |    StandBy();
      |    ^~~~~~~
C:/Users/user/source/repos/STM32/myLib/MyLib.c: At top level:
C:/Users/user/source/repos/STM32/myLib/MyLib.c:38:6: warning: conflicting types for 'StandBy'; have 'void()'
   38 | void StandBy()
      |      ^~~~~~~
C:/Users/user/source/repos/STM32/myLib/MyLib.c:34:4: note: previous implicit declaration of 'StandBy' with type 'void()'
   34 |    StandBy();
      |    ^~~~~~~
C:/Users/user/source/repos/STM32/myLib/MyLib.c:43:6: warning: conflicting types for 'cls'; have 'void()'
   43 | void cls() // ?ôîÎ©? clear
      |      ^~~
C:/Users/user/source/repos/STM32/myLib/MyLib.c:30:4: note: previous implicit declaration of 'cls' with type 'void()'
   30 |    cls();
      |    ^~~
C:/Users/user/source/repos/STM32/myLib/MyLib.c:48:6: warning: conflicting types for 'Cursor'; have 'void(int,  int)'
   48 | void Cursor(int x, int y)
      |      ^~~~~~
C:/Users/user/source/repos/STM32/myLib/MyLib.c:31:4: note: previous implicit declaration of 'Cursor' with type 'void(int,  int)'
   31 |    Cursor(0,0);
      |    ^~~~~~
C:/Users/user/source/repos/STM32/myLib/uSonic.c: In function 'Distance':
C:/Users/user/source/repos/STM32/myLib/uSonic.c:31:8: warning: unused variable 't0' [-Wunused-variable]
   31 |    int t0, t1, t2;
      |        ^~
"make -j24 all" terminated with exit code 2. Build might be incomplete.
12:20:02 **** Incremental Build of configuration Debug for project Test006-uSonic-intr ****
make -j24 all 
arm-none-eabi-gcc "../Core/Src/main.c" -mcpu=cortex-m4 -std=gnu11 -g3 -DDEBUG -DUSE_HAL_DRIVER -DSTM32F411xE -c -I../Core/Inc -I../Drivers/STM32F4xx_HAL_Driver/Inc -I../Drivers/STM32F4xx_HAL_Driver/Inc/Legacy -I../Drivers/CMSIS/Device/ST/STM32F4xx/Include -I../Drivers/CMSIS/Include -O0 -ffunction-sections -fdata-sections -Wall -fstack-usage -fcyclomatic-complexity -MMD -MP -MF"Core/Src/main.d" -MT"Core/Src/main.o" --specs=nano.specs -mfpu=fpv4-sp-d16 -mfloat-abi=hard -mthumb -o "Core/Src/main.o"
arm-none-eabi-gcc "C:/Users/user/source/repos/STM32/myLib/uSonic.c" -mcpu=cortex-m4 -std=gnu11 -g3 -DDEBUG -DUSE_HAL_DRIVER -DSTM32F411xE -c -I../Core/Inc -I../Drivers/STM32F4xx_HAL_Driver/Inc -I../Drivers/STM32F4xx_HAL_Driver/Inc/Legacy -I../Drivers/CMSIS/Device/ST/STM32F4xx/Include -I../Drivers/CMSIS/Include -O0 -ffunction-sections -fdata-sections -Wall -fstack-usage -fcyclomatic-complexity -MMD -MP -MF"Core/Src/uSonic.d" -MT"Core/Src/uSonic.o" --specs=nano.specs -mfpu=fpv4-sp-d16 -mfloat-abi=hard -mthumb -o "Core/Src/uSonic.o"
../Core/Src/main.c: In function 'main':
../Core/Src/main.c:96:3: warning: implicit declaration of function 'ProgramStart' [-Wimplicit-function-declaration]
   96 |   ProgramStart("uSonic Test - GPIO Interrupt");
      |   ^~~~~~~~~~~~
../Core/Src/main.c:105:11: warning: implicit declaration of function 'printf' [-Wimplicit-function-declaration]
  105 |           printf("Distance = %f\r\n",dist);
      |           ^~~~~~
../Core/Src/main.c:21:1: note: include '<stdio.h>' or provide a declaration of 'printf'
   20 | #include "main.h"
  +++ |+#include <stdio.h>
   21 | 
../Core/Src/main.c:105:11: warning: incompatible implicit declaration of built-in function 'printf' [-Wbuiltin-declaration-mismatch]
  105 |           printf("Distance = %f\r\n",dist);
      |           ^~~~~~
../Core/Src/main.c:105:11: note: include '<stdio.h>' or provide a declaration of 'printf'
../Core/Src/main.c:105:38: error: 'dist' undeclared (first use in this function)
  105 |           printf("Distance = %f\r\n",dist);
      |                                      ^~~~
../Core/Src/main.c:105:38: note: each undeclared identifier is reported only once for each function it appears in
make: *** [Core/Src/subdir.mk:42: Core/Src/main.o] Error 1
make: *** Waiting for unfinished jobs....
"make -j24 all" terminated with exit code 2. Build might be incomplete.
12:20:18 **** Incremental Build of configuration Debug for project Test006-uSonic-intr ****
make -j24 all 
arm-none-eabi-gcc "../Core/Src/main.c" -mcpu=cortex-m4 -std=gnu11 -g3 -DDEBUG -DUSE_HAL_DRIVER -DSTM32F411xE -c -I../Core/Inc -I../Drivers/STM32F4xx_HAL_Driver/Inc -I../Drivers/STM32F4xx_HAL_Driver/Inc/Legacy -I../Drivers/CMSIS/Device/ST/STM32F4xx/Include -I../Drivers/CMSIS/Include -O0 -ffunction-sections -fdata-sections -Wall -fstack-usage -fcyclomatic-complexity -MMD -MP -MF"Core/Src/main.d" -MT"Core/Src/main.o" --specs=nano.specs -mfpu=fpv4-sp-d16 -mfloat-abi=hard -mthumb -o "Core/Src/main.o"
../Core/Src/main.c: In function 'main':
../Core/Src/main.c:96:3: warning: implicit declaration of function 'ProgramStart' [-Wimplicit-function-declaration]
   96 |   ProgramStart("uSonic Test - GPIO Interrupt");
      |   ^~~~~~~~~~~~
../Core/Src/main.c:105:11: warning: implicit declaration of function 'printf' [-Wimplicit-function-declaration]
  105 |           printf("Distance = %f\r\n",dist);
      |           ^~~~~~
../Core/Src/main.c:21:1: note: include '<stdio.h>' or provide a declaration of 'printf'
   20 | #include "main.h"
  +++ |+#include <stdio.h>
   21 | 
../Core/Src/main.c:105:11: warning: incompatible implicit declaration of built-in function 'printf' [-Wbuiltin-declaration-mismatch]
  105 |           printf("Distance = %f\r\n",dist);
      |           ^~~~~~
../Core/Src/main.c:105:11: note: include '<stdio.h>' or provide a declaration of 'printf'
../Core/Src/main.c:105:38: error: 'dist' undeclared (first use in this function)
  105 |           printf("Distance = %f\r\n",dist);
      |                                      ^~~~
../Core/Src/main.c:105:38: note: each undeclared identifier is reported only once for each function it appears in
make: *** [Core/Src/subdir.mk:42: Core/Src/main.o] Error 1
"make -j24 all" terminated with exit code 2. Build might be incomplete.
12:21:31 **** Incremental Build of configuration Debug for project Test006-uSonic-intr ****
make -j24 all 
arm-none-eabi-gcc "../Core/Src/main.c" -mcpu=cortex-m4 -std=gnu11 -g3 -DDEBUG -DUSE_HAL_DRIVER -DSTM32F411xE -c -I../Core/Inc -I../Drivers/STM32F4xx_HAL_Driver/Inc -I../Drivers/STM32F4xx_HAL_Driver/Inc/Legacy -I../Drivers/CMSIS/Device/ST/STM32F4xx/Include -I../Drivers/CMSIS/Include -O0 -ffunction-sections -fdata-sections -Wall -fstack-usage -fcyclomatic-complexity -MMD -MP -MF"Core/Src/main.d" -MT"Core/Src/main.o" --specs=nano.specs -mfpu=fpv4-sp-d16 -mfloat-abi=hard -mthumb -o "Core/Src/main.o"
../Core/Src/main.c: In function 'main':
../Core/Src/main.c:112:3: warning: implicit declaration of function 'ProgramStart' [-Wimplicit-function-declaration]
  112 |   ProgramStart("uSonic Test - GPIO Interrupt");
      |   ^~~~~~~~~~~~
../Core/Src/main.c:121:11: warning: implicit declaration of function 'printf' [-Wimplicit-function-declaration]
  121 |           printf("Distance = %f\r\n",dist);
      |           ^~~~~~
../Core/Src/main.c:21:1: note: include '<stdio.h>' or provide a declaration of 'printf'
   20 | #include "main.h"
  +++ |+#include <stdio.h>
   21 | 
../Core/Src/main.c:121:11: warning: incompatible implicit declaration of built-in function 'printf' [-Wbuiltin-declaration-mismatch]
  121 |           printf("Distance = %f\r\n",dist);
      |           ^~~~~~
../Core/Src/main.c:121:11: note: include '<stdio.h>' or provide a declaration of 'printf'
arm-none-eabi-gcc -o "Test006-uSonic-intr.elf" @"objects.list"   -mcpu=cortex-m4 -T"C:\Users\user\source\repos\STM32\Test006-uSonic-intr\STM32F411RETX_FLASH.ld" --specs=nosys.specs -Wl,-Map="Test006-uSonic-intr.map" -Wl,--gc-sections -static --specs=nano.specs -mfpu=fpv4-sp-d16 -mfloat-abi=hard -mthumb -u _printf_float -u _scanf_float -Wl,--start-group -lc -lm -Wl,--end-group
Finished building target: Test006-uSonic-intr.elf
 
arm-none-eabi-size  Test006-uSonic-intr.elf 
arm-none-eabi-objdump -h -S Test006-uSonic-intr.elf  > "Test006-uSonic-intr.list"
   text	   data	    bss	    dec	    hex	filename
  34336	    476	   2064	  36876	   900c	Test006-uSonic-intr.elf
Finished building: default.size.stdout
 
Finished building: Test006-uSonic-intr.list
 
12:22:37 **** Incremental Build of configuration Debug for project Test006-uSonic-intr ****
make -j24 all 
arm-none-eabi-gcc "../Core/Src/main.c" -mcpu=cortex-m4 -std=gnu11 -g3 -DDEBUG -DUSE_HAL_DRIVER -DSTM32F411xE -c -I../Core/Inc -I../Drivers/STM32F4xx_HAL_Driver/Inc -I../Drivers/STM32F4xx_HAL_Driver/Inc/Legacy -I../Drivers/CMSIS/Device/ST/STM32F4xx/Include -I../Drivers/CMSIS/Include -O0 -ffunction-sections -fdata-sections -Wall -fstack-usage -fcyclomatic-complexity -MMD -MP -MF"Core/Src/main.d" -MT"Core/Src/main.o" --specs=nano.specs -mfpu=fpv4-sp-d16 -mfloat-abi=hard -mthumb -o "Core/Src/main.o"
../Core/Src/main.c: In function 'main':
../Core/Src/main.c:112:3: warning: implicit declaration of function 'ProgramStart' [-Wimplicit-function-declaration]
  112 |   ProgramStart("uSonic Test - GPIO Interrupt");
      |   ^~~~~~~~~~~~
../Core/Src/main.c:121:11: warning: implicit declaration of function 'Trigger' [-Wimplicit-function-declaration]
  121 |           Trigger();
      |           ^~~~~~~
../Core/Src/main.c:122:11: warning: implicit declaration of function 'printf' [-Wimplicit-function-declaration]
  122 |           printf("Distance = %f\r\n",dist);
      |           ^~~~~~
../Core/Src/main.c:21:1: note: include '<stdio.h>' or provide a declaration of 'printf'
   20 | #include "main.h"
  +++ |+#include <stdio.h>
   21 | 
../Core/Src/main.c:122:11: warning: incompatible implicit declaration of built-in function 'printf' [-Wbuiltin-declaration-mismatch]
  122 |           printf("Distance = %f\r\n",dist);
      |           ^~~~~~
../Core/Src/main.c:122:11: note: include '<stdio.h>' or provide a declaration of 'printf'
arm-none-eabi-gcc -o "Test006-uSonic-intr.elf" @"objects.list"   -mcpu=cortex-m4 -T"C:\Users\user\source\repos\STM32\Test006-uSonic-intr\STM32F411RETX_FLASH.ld" --specs=nosys.specs -Wl,-Map="Test006-uSonic-intr.map" -Wl,--gc-sections -static --specs=nano.specs -mfpu=fpv4-sp-d16 -mfloat-abi=hard -mthumb -u _printf_float -u _scanf_float -Wl,--start-group -lc -lm -Wl,--end-group
Finished building target: Test006-uSonic-intr.elf
 
arm-none-eabi-size  Test006-uSonic-intr.elf 
arm-none-eabi-objdump -h -S Test006-uSonic-intr.elf  > "Test006-uSonic-intr.list"
   text	   data	    bss	    dec	    hex	filename
  34528	    476	   2064	  37068	   90cc	Test006-uSonic-intr.elf
Finished building: default.size.stdout
 
Finished building: Test006-uSonic-intr.list
 
12:51:37 **** Incremental Build of configuration Debug for project Test006-uSonic-intr ****
make -j24 all 
arm-none-eabi-gcc "../Core/Src/main.c" -mcpu=cortex-m4 -std=gnu11 -g3 -DDEBUG -DUSE_HAL_DRIVER -DSTM32F411xE -c -I../Core/Inc -I../Drivers/STM32F4xx_HAL_Driver/Inc -I../Drivers/STM32F4xx_HAL_Driver/Inc/Legacy -I../Drivers/CMSIS/Device/ST/STM32F4xx/Include -I../Drivers/CMSIS/Include -O0 -ffunction-sections -fdata-sections -Wall -fstack-usage -fcyclomatic-complexity -MMD -MP -MF"Core/Src/main.d" -MT"Core/Src/main.o" --specs=nano.specs -mfpu=fpv4-sp-d16 -mfloat-abi=hard -mthumb -o "Core/Src/main.o"
arm-none-eabi-gcc "../Core/Src/stm32f4xx_hal_msp.c" -mcpu=cortex-m4 -std=gnu11 -g3 -DDEBUG -DUSE_HAL_DRIVER -DSTM32F411xE -c -I../Core/Inc -I../Drivers/STM32F4xx_HAL_Driver/Inc -I../Drivers/STM32F4xx_HAL_Driver/Inc/Legacy -I../Drivers/CMSIS/Device/ST/STM32F4xx/Include -I../Drivers/CMSIS/Include -O0 -ffunction-sections -fdata-sections -Wall -fstack-usage -fcyclomatic-complexity -MMD -MP -MF"Core/Src/stm32f4xx_hal_msp.d" -MT"Core/Src/stm32f4xx_hal_msp.o" --specs=nano.specs -mfpu=fpv4-sp-d16 -mfloat-abi=hard -mthumb -o "Core/Src/stm32f4xx_hal_msp.o"
arm-none-eabi-gcc "../Core/Src/stm32f4xx_it.c" -mcpu=cortex-m4 -std=gnu11 -g3 -DDEBUG -DUSE_HAL_DRIVER -DSTM32F411xE -c -I../Core/Inc -I../Drivers/STM32F4xx_HAL_Driver/Inc -I../Drivers/STM32F4xx_HAL_Driver/Inc/Legacy -I../Drivers/CMSIS/Device/ST/STM32F4xx/Include -I../Drivers/CMSIS/Include -O0 -ffunction-sections -fdata-sections -Wall -fstack-usage -fcyclomatic-complexity -MMD -MP -MF"Core/Src/stm32f4xx_it.d" -MT"Core/Src/stm32f4xx_it.o" --specs=nano.specs -mfpu=fpv4-sp-d16 -mfloat-abi=hard -mthumb -o "Core/Src/stm32f4xx_it.o"
../Core/Src/main.c: In function 'HAL_TIM_PeriodElapsedCallback':
../Core/Src/main.c:84:9: warning: implicit declaration of function 'Trigger' [-Wimplicit-function-declaration]
   84 |         Trigger();
      |         ^~~~~~~
../Core/Src/main.c: In function 'main':
../Core/Src/main.c:120:3: warning: implicit declaration of function 'ProgramStart' [-Wimplicit-function-declaration]
  120 |   ProgramStart("uSonic Test - GPIO Interrupt");
      |   ^~~~~~~~~~~~
arm-none-eabi-gcc -o "Test006-uSonic-intr.elf" @"objects.list"   -mcpu=cortex-m4 -T"C:\Users\user\source\repos\STM32\Test006-uSonic-intr\STM32F411RETX_FLASH.ld" --specs=nosys.specs -Wl,-Map="Test006-uSonic-intr.map" -Wl,--gc-sections -static --specs=nano.specs -mfpu=fpv4-sp-d16 -mfloat-abi=hard -mthumb -u _printf_float -u _scanf_float -Wl,--start-group -lc -lm -Wl,--end-group
Finished building target: Test006-uSonic-intr.elf
 
arm-none-eabi-size  Test006-uSonic-intr.elf 
arm-none-eabi-objdump -h -S Test006-uSonic-intr.elf  > "Test006-uSonic-intr.list"
   text	   data	    bss	    dec	    hex	filename
  35472	    476	   2136	  38084	   94c4	Test006-uSonic-intr.elf
Finished building: default.size.stdout
 
Finished building: Test006-uSonic-intr.list
 
12:52:59 **** Incremental Build of configuration Debug for project Test006-uSonic-intr ****
make -j24 all 
arm-none-eabi-gcc "../Core/Src/main.c" -mcpu=cortex-m4 -std=gnu11 -g3 -DDEBUG -DUSE_HAL_DRIVER -DSTM32F411xE -c -I../Core/Inc -I../Drivers/STM32F4xx_HAL_Driver/Inc -I../Drivers/STM32F4xx_HAL_Driver/Inc/Legacy -I../Drivers/CMSIS/Device/ST/STM32F4xx/Include -I../Drivers/CMSIS/Include -O0 -ffunction-sections -fdata-sections -Wall -fstack-usage -fcyclomatic-complexity -MMD -MP -MF"Core/Src/main.d" -MT"Core/Src/main.o" --specs=nano.specs -mfpu=fpv4-sp-d16 -mfloat-abi=hard -mthumb -o "Core/Src/main.o"
../Core/Src/main.c: In function 'HAL_TIM_PeriodElapsedCallback':
../Core/Src/main.c:84:9: warning: implicit declaration of function 'Trigger' [-Wimplicit-function-declaration]
   84 |         Trigger();
      |         ^~~~~~~
../Core/Src/main.c: In function 'main':
../Core/Src/main.c:120:3: warning: implicit declaration of function 'ProgramStart' [-Wimplicit-function-declaration]
  120 |   ProgramStart("uSonic Test - GPIO Interrupt");
      |   ^~~~~~~~~~~~
../Core/Src/main.c:130:11: warning: implicit declaration of function 'printf' [-Wimplicit-function-declaration]
  130 |           printf("Distance = %f\r\n",dist);
      |           ^~~~~~
../Core/Src/main.c:21:1: note: include '<stdio.h>' or provide a declaration of 'printf'
   20 | #include "main.h"
  +++ |+#include <stdio.h>
   21 | 
../Core/Src/main.c:130:11: warning: incompatible implicit declaration of built-in function 'printf' [-Wbuiltin-declaration-mismatch]
  130 |           printf("Distance = %f\r\n",dist);
      |           ^~~~~~
../Core/Src/main.c:130:11: note: include '<stdio.h>' or provide a declaration of 'printf'
arm-none-eabi-gcc -o "Test006-uSonic-intr.elf" @"objects.list"   -mcpu=cortex-m4 -T"C:\Users\user\source\repos\STM32\Test006-uSonic-intr\STM32F411RETX_FLASH.ld" --specs=nosys.specs -Wl,-Map="Test006-uSonic-intr.map" -Wl,--gc-sections -static --specs=nano.specs -mfpu=fpv4-sp-d16 -mfloat-abi=hard -mthumb -u _printf_float -u _scanf_float -Wl,--start-group -lc -lm -Wl,--end-group
Finished building target: Test006-uSonic-intr.elf
 
arm-none-eabi-size  Test006-uSonic-intr.elf 
arm-none-eabi-objdump -h -S Test006-uSonic-intr.elf  > "Test006-uSonic-intr.list"
   text	   data	    bss	    dec	    hex	filename
  35584	    476	   2136	  38196	   9534	Test006-uSonic-intr.elf
Finished building: default.size.stdout
 
Finished building: Test006-uSonic-intr.list
 
14:07:41 **** Incremental Build of configuration Debug for project Test006-uSonic-intr ****
make -j24 all 
arm-none-eabi-gcc "../Core/Src/main.c" -mcpu=cortex-m4 -std=gnu11 -g3 -DDEBUG -DUSE_HAL_DRIVER -DSTM32F411xE -c -I../Core/Inc -I../Drivers/STM32F4xx_HAL_Driver/Inc -I../Drivers/STM32F4xx_HAL_Driver/Inc/Legacy -I../Drivers/CMSIS/Device/ST/STM32F4xx/Include -I../Drivers/CMSIS/Include -O0 -ffunction-sections -fdata-sections -Wall -fstack-usage -fcyclomatic-complexity -MMD -MP -MF"Core/Src/main.d" -MT"Core/Src/main.o" --specs=nano.specs -mfpu=fpv4-sp-d16 -mfloat-abi=hard -mthumb -o "Core/Src/main.o"
../Core/Src/main.c: In function 'HAL_TIM_PeriodElapsedCallback':
../Core/Src/main.c:84:9: warning: implicit declaration of function 'Trigger' [-Wimplicit-function-declaration]
   84 |         Trigger();
      |         ^~~~~~~
../Core/Src/main.c: In function 'main':
../Core/Src/main.c:120:3: warning: implicit declaration of function 'ProgramStart' [-Wimplicit-function-declaration]
  120 |   ProgramStart("uSonic Test - GPIO Interrupt");
      |   ^~~~~~~~~~~~
../Core/Src/main.c:130:11: warning: implicit declaration of function 'printf' [-Wimplicit-function-declaration]
  130 |           printf("Distance = %f\r\n",dist);
      |           ^~~~~~
../Core/Src/main.c:21:1: note: include '<stdio.h>' or provide a declaration of 'printf'
   20 | #include "main.h"
  +++ |+#include <stdio.h>
   21 | 
../Core/Src/main.c:130:11: warning: incompatible implicit declaration of built-in function 'printf' [-Wbuiltin-declaration-mismatch]
  130 |           printf("Distance = %f\r\n",dist);
      |           ^~~~~~
../Core/Src/main.c:130:11: note: include '<stdio.h>' or provide a declaration of 'printf'
arm-none-eabi-gcc -o "Test006-uSonic-intr.elf" @"objects.list"   -mcpu=cortex-m4 -T"C:\Users\user\source\repos\STM32\Test006-uSonic-intr\STM32F411RETX_FLASH.ld" --specs=nosys.specs -Wl,-Map="Test006-uSonic-intr.map" -Wl,--gc-sections -static --specs=nano.specs -mfpu=fpv4-sp-d16 -mfloat-abi=hard -mthumb -u _printf_float -u _scanf_float -Wl,--start-group -lc -lm -Wl,--end-group
Finished building target: Test006-uSonic-intr.elf
 
arm-none-eabi-size  Test006-uSonic-intr.elf 
arm-none-eabi-objdump -h -S Test006-uSonic-intr.elf  > "Test006-uSonic-intr.list"
   text	   data	    bss	    dec	    hex	filename
  35584	    476	   2136	  38196	   9534	Test006-uSonic-intr.elf
Finished building: default.size.stdout
 
Finished building: Test006-uSonic-intr.list
 
15:08:59 **** Build of configuration Debug for project Test002-Timer-INTV ****
make -j24 all 
arm-none-eabi-gcc "../Drivers/STM32F4xx_HAL_Driver/Src/stm32f4xx_hal.c" -mcpu=cortex-m4 -std=gnu11 -g3 -DDEBUG -DUSE_HAL_DRIVER -DSTM32F411xE -c -I../Core/Inc -I../Drivers/STM32F4xx_HAL_Driver/Inc -I../Drivers/STM32F4xx_HAL_Driver/Inc/Legacy -I../Drivers/CMSIS/Device/ST/STM32F4xx/Include -I../Drivers/CMSIS/Include -O0 -ffunction-sections -fdata-sections -Wall -fstack-usage -fcyclomatic-complexity -MMD -MP -MF"Drivers/STM32F4xx_HAL_Driver/Src/stm32f4xx_hal.d" -MT"Drivers/STM32F4xx_HAL_Driver/Src/stm32f4xx_hal.o" --specs=nano.specs -mfpu=fpv4-sp-d16 -mfloat-abi=hard -mthumb -o "Drivers/STM32F4xx_HAL_Driver/Src/stm32f4xx_hal.o"
arm-none-eabi-gcc "../Drivers/STM32F4xx_HAL_Driver/Src/stm32f4xx_hal_cortex.c" -mcpu=cortex-m4 -std=gnu11 -g3 -DDEBUG -DUSE_HAL_DRIVER -DSTM32F411xE -c -I../Core/Inc -I../Drivers/STM32F4xx_HAL_Driver/Inc -I../Drivers/STM32F4xx_HAL_Driver/Inc/Legacy -I../Drivers/CMSIS/Device/ST/STM32F4xx/Include -I../Drivers/CMSIS/Include -O0 -ffunction-sections -fdata-sections -Wall -fstack-usage -fcyclomatic-complexity -MMD -MP -MF"Drivers/STM32F4xx_HAL_Driver/Src/stm32f4xx_hal_cortex.d" -MT"Drivers/STM32F4xx_HAL_Driver/Src/stm32f4xx_hal_cortex.o" --specs=nano.specs -mfpu=fpv4-sp-d16 -mfloat-abi=hard -mthumb -o "Drivers/STM32F4xx_HAL_Driver/Src/stm32f4xx_hal_cortex.o"
arm-none-eabi-gcc "../Drivers/STM32F4xx_HAL_Driver/Src/stm32f4xx_hal_dma.c" -mcpu=cortex-m4 -std=gnu11 -g3 -DDEBUG -DUSE_HAL_DRIVER -DSTM32F411xE -c -I../Core/Inc -I../Drivers/STM32F4xx_HAL_Driver/Inc -I../Drivers/STM32F4xx_HAL_Driver/Inc/Legacy -I../Drivers/CMSIS/Device/ST/STM32F4xx/Include -I../Drivers/CMSIS/Include -O0 -ffunction-sections -fdata-sections -Wall -fstack-usage -fcyclomatic-complexity -MMD -MP -MF"Drivers/STM32F4xx_HAL_Driver/Src/stm32f4xx_hal_dma.d" -MT"Drivers/STM32F4xx_HAL_Driver/Src/stm32f4xx_hal_dma.o" --specs=nano.specs -mfpu=fpv4-sp-d16 -mfloat-abi=hard -mthumb -o "Drivers/STM32F4xx_HAL_Driver/Src/stm32f4xx_hal_dma.o"
arm-none-eabi-gcc "../Drivers/STM32F4xx_HAL_Driver/Src/stm32f4xx_hal_dma_ex.c" -mcpu=cortex-m4 -std=gnu11 -g3 -DDEBUG -DUSE_HAL_DRIVER -DSTM32F411xE -c -I../Core/Inc -I../Drivers/STM32F4xx_HAL_Driver/Inc -I../Drivers/STM32F4xx_HAL_Driver/Inc/Legacy -I../Drivers/CMSIS/Device/ST/STM32F4xx/Include -I../Drivers/CMSIS/Include -O0 -ffunction-sections -fdata-sections -Wall -fstack-usage -fcyclomatic-complexity -MMD -MP -MF"Drivers/STM32F4xx_HAL_Driver/Src/stm32f4xx_hal_dma_ex.d" -MT"Drivers/STM32F4xx_HAL_Driver/Src/stm32f4xx_hal_dma_ex.o" --specs=nano.specs -mfpu=fpv4-sp-d16 -mfloat-abi=hard -mthumb -o "Drivers/STM32F4xx_HAL_Driver/Src/stm32f4xx_hal_dma_ex.o"
arm-none-eabi-gcc "../Drivers/STM32F4xx_HAL_Driver/Src/stm32f4xx_hal_exti.c" -mcpu=cortex-m4 -std=gnu11 -g3 -DDEBUG -DUSE_HAL_DRIVER -DSTM32F411xE -c -I../Core/Inc -I../Drivers/STM32F4xx_HAL_Driver/Inc -I../Drivers/STM32F4xx_HAL_Driver/Inc/Legacy -I../Drivers/CMSIS/Device/ST/STM32F4xx/Include -I../Drivers/CMSIS/Include -O0 -ffunction-sections -fdata-sections -Wall -fstack-usage -fcyclomatic-complexity -MMD -MP -MF"Drivers/STM32F4xx_HAL_Driver/Src/stm32f4xx_hal_exti.d" -MT"Drivers/STM32F4xx_HAL_Driver/Src/stm32f4xx_hal_exti.o" --specs=nano.specs -mfpu=fpv4-sp-d16 -mfloat-abi=hard -mthumb -o "Drivers/STM32F4xx_HAL_Driver/Src/stm32f4xx_hal_exti.o"
arm-none-eabi-gcc "../Drivers/STM32F4xx_HAL_Driver/Src/stm32f4xx_hal_flash.c" -mcpu=cortex-m4 -std=gnu11 -g3 -DDEBUG -DUSE_HAL_DRIVER -DSTM32F411xE -c -I../Core/Inc -I../Drivers/STM32F4xx_HAL_Driver/Inc -I../Drivers/STM32F4xx_HAL_Driver/Inc/Legacy -I../Drivers/CMSIS/Device/ST/STM32F4xx/Include -I../Drivers/CMSIS/Include -O0 -ffunction-sections -fdata-sections -Wall -fstack-usage -fcyclomatic-complexity -MMD -MP -MF"Drivers/STM32F4xx_HAL_Driver/Src/stm32f4xx_hal_flash.d" -MT"Drivers/STM32F4xx_HAL_Driver/Src/stm32f4xx_hal_flash.o" --specs=nano.specs -mfpu=fpv4-sp-d16 -mfloat-abi=hard -mthumb -o "Drivers/STM32F4xx_HAL_Driver/Src/stm32f4xx_hal_flash.o"
arm-none-eabi-gcc "../Drivers/STM32F4xx_HAL_Driver/Src/stm32f4xx_hal_flash_ex.c" -mcpu=cortex-m4 -std=gnu11 -g3 -DDEBUG -DUSE_HAL_DRIVER -DSTM32F411xE -c -I../Core/Inc -I../Drivers/STM32F4xx_HAL_Driver/Inc -I../Drivers/STM32F4xx_HAL_Driver/Inc/Legacy -I../Drivers/CMSIS/Device/ST/STM32F4xx/Include -I../Drivers/CMSIS/Include -O0 -ffunction-sections -fdata-sections -Wall -fstack-usage -fcyclomatic-complexity -MMD -MP -MF"Drivers/STM32F4xx_HAL_Driver/Src/stm32f4xx_hal_flash_ex.d" -MT"Drivers/STM32F4xx_HAL_Driver/Src/stm32f4xx_hal_flash_ex.o" --specs=nano.specs -mfpu=fpv4-sp-d16 -mfloat-abi=hard -mthumb -o "Drivers/STM32F4xx_HAL_Driver/Src/stm32f4xx_hal_flash_ex.o"
arm-none-eabi-gcc "../Drivers/STM32F4xx_HAL_Driver/Src/stm32f4xx_hal_flash_ramfunc.c" -mcpu=cortex-m4 -std=gnu11 -g3 -DDEBUG -DUSE_HAL_DRIVER -DSTM32F411xE -c -I../Core/Inc -I../Drivers/STM32F4xx_HAL_Driver/Inc -I../Drivers/STM32F4xx_HAL_Driver/Inc/Legacy -I../Drivers/CMSIS/Device/ST/STM32F4xx/Include -I../Drivers/CMSIS/Include -O0 -ffunction-sections -fdata-sections -Wall -fstack-usage -fcyclomatic-complexity -MMD -MP -MF"Drivers/STM32F4xx_HAL_Driver/Src/stm32f4xx_hal_flash_ramfunc.d" -MT"Drivers/STM32F4xx_HAL_Driver/Src/stm32f4xx_hal_flash_ramfunc.o" --specs=nano.specs -mfpu=fpv4-sp-d16 -mfloat-abi=hard -mthumb -o "Drivers/STM32F4xx_HAL_Driver/Src/stm32f4xx_hal_flash_ramfunc.o"
arm-none-eabi-gcc "../Drivers/STM32F4xx_HAL_Driver/Src/stm32f4xx_hal_gpio.c" -mcpu=cortex-m4 -std=gnu11 -g3 -DDEBUG -DUSE_HAL_DRIVER -DSTM32F411xE -c -I../Core/Inc -I../Drivers/STM32F4xx_HAL_Driver/Inc -I../Drivers/STM32F4xx_HAL_Driver/Inc/Legacy -I../Drivers/CMSIS/Device/ST/STM32F4xx/Include -I../Drivers/CMSIS/Include -O0 -ffunction-sections -fdata-sections -Wall -fstack-usage -fcyclomatic-complexity -MMD -MP -MF"Drivers/STM32F4xx_HAL_Driver/Src/stm32f4xx_hal_gpio.d" -MT"Drivers/STM32F4xx_HAL_Driver/Src/stm32f4xx_hal_gpio.o" --specs=nano.specs -mfpu=fpv4-sp-d16 -mfloat-abi=hard -mthumb -o "Drivers/STM32F4xx_HAL_Driver/Src/stm32f4xx_hal_gpio.o"
arm-none-eabi-gcc "../Drivers/STM32F4xx_HAL_Driver/Src/stm32f4xx_hal_pwr.c" -mcpu=cortex-m4 -std=gnu11 -g3 -DDEBUG -DUSE_HAL_DRIVER -DSTM32F411xE -c -I../Core/Inc -I../Drivers/STM32F4xx_HAL_Driver/Inc -I../Drivers/STM32F4xx_HAL_Driver/Inc/Legacy -I../Drivers/CMSIS/Device/ST/STM32F4xx/Include -I../Drivers/CMSIS/Include -O0 -ffunction-sections -fdata-sections -Wall -fstack-usage -fcyclomatic-complexity -MMD -MP -MF"Drivers/STM32F4xx_HAL_Driver/Src/stm32f4xx_hal_pwr.d" -MT"Drivers/STM32F4xx_HAL_Driver/Src/stm32f4xx_hal_pwr.o" --specs=nano.specs -mfpu=fpv4-sp-d16 -mfloat-abi=hard -mthumb -o "Drivers/STM32F4xx_HAL_Driver/Src/stm32f4xx_hal_pwr.o"
arm-none-eabi-gcc "../Drivers/STM32F4xx_HAL_Driver/Src/stm32f4xx_hal_pwr_ex.c" -mcpu=cortex-m4 -std=gnu11 -g3 -DDEBUG -DUSE_HAL_DRIVER -DSTM32F411xE -c -I../Core/Inc -I../Drivers/STM32F4xx_HAL_Driver/Inc -I../Drivers/STM32F4xx_HAL_Driver/Inc/Legacy -I../Drivers/CMSIS/Device/ST/STM32F4xx/Include -I../Drivers/CMSIS/Include -O0 -ffunction-sections -fdata-sections -Wall -fstack-usage -fcyclomatic-complexity -MMD -MP -MF"Drivers/STM32F4xx_HAL_Driver/Src/stm32f4xx_hal_pwr_ex.d" -MT"Drivers/STM32F4xx_HAL_Driver/Src/stm32f4xx_hal_pwr_ex.o" --specs=nano.specs -mfpu=fpv4-sp-d16 -mfloat-abi=hard -mthumb -o "Drivers/STM32F4xx_HAL_Driver/Src/stm32f4xx_hal_pwr_ex.o"
arm-none-eabi-gcc "../Drivers/STM32F4xx_HAL_Driver/Src/stm32f4xx_hal_rcc.c" -mcpu=cortex-m4 -std=gnu11 -g3 -DDEBUG -DUSE_HAL_DRIVER -DSTM32F411xE -c -I../Core/Inc -I../Drivers/STM32F4xx_HAL_Driver/Inc -I../Drivers/STM32F4xx_HAL_Driver/Inc/Legacy -I../Drivers/CMSIS/Device/ST/STM32F4xx/Include -I../Drivers/CMSIS/Include -O0 -ffunction-sections -fdata-sections -Wall -fstack-usage -fcyclomatic-complexity -MMD -MP -MF"Drivers/STM32F4xx_HAL_Driver/Src/stm32f4xx_hal_rcc.d" -MT"Drivers/STM32F4xx_HAL_Driver/Src/stm32f4xx_hal_rcc.o" --specs=nano.specs -mfpu=fpv4-sp-d16 -mfloat-abi=hard -mthumb -o "Drivers/STM32F4xx_HAL_Driver/Src/stm32f4xx_hal_rcc.o"
arm-none-eabi-gcc "../Drivers/STM32F4xx_HAL_Driver/Src/stm32f4xx_hal_rcc_ex.c" -mcpu=cortex-m4 -std=gnu11 -g3 -DDEBUG -DUSE_HAL_DRIVER -DSTM32F411xE -c -I../Core/Inc -I../Drivers/STM32F4xx_HAL_Driver/Inc -I../Drivers/STM32F4xx_HAL_Driver/Inc/Legacy -I../Drivers/CMSIS/Device/ST/STM32F4xx/Include -I../Drivers/CMSIS/Include -O0 -ffunction-sections -fdata-sections -Wall -fstack-usage -fcyclomatic-complexity -MMD -MP -MF"Drivers/STM32F4xx_HAL_Driver/Src/stm32f4xx_hal_rcc_ex.d" -MT"Drivers/STM32F4xx_HAL_Driver/Src/stm32f4xx_hal_rcc_ex.o" --specs=nano.specs -mfpu=fpv4-sp-d16 -mfloat-abi=hard -mthumb -o "Drivers/STM32F4xx_HAL_Driver/Src/stm32f4xx_hal_rcc_ex.o"
arm-none-eabi-gcc "../Drivers/STM32F4xx_HAL_Driver/Src/stm32f4xx_hal_tim.c" -mcpu=cortex-m4 -std=gnu11 -g3 -DDEBUG -DUSE_HAL_DRIVER -DSTM32F411xE -c -I../Core/Inc -I../Drivers/STM32F4xx_HAL_Driver/Inc -I../Drivers/STM32F4xx_HAL_Driver/Inc/Legacy -I../Drivers/CMSIS/Device/ST/STM32F4xx/Include -I../Drivers/CMSIS/Include -O0 -ffunction-sections -fdata-sections -Wall -fstack-usage -fcyclomatic-complexity -MMD -MP -MF"Drivers/STM32F4xx_HAL_Driver/Src/stm32f4xx_hal_tim.d" -MT"Drivers/STM32F4xx_HAL_Driver/Src/stm32f4xx_hal_tim.o" --specs=nano.specs -mfpu=fpv4-sp-d16 -mfloat-abi=hard -mthumb -o "Drivers/STM32F4xx_HAL_Driver/Src/stm32f4xx_hal_tim.o"
arm-none-eabi-gcc "../Drivers/STM32F4xx_HAL_Driver/Src/stm32f4xx_hal_tim_ex.c" -mcpu=cortex-m4 -std=gnu11 -g3 -DDEBUG -DUSE_HAL_DRIVER -DSTM32F411xE -c -I../Core/Inc -I../Drivers/STM32F4xx_HAL_Driver/Inc -I../Drivers/STM32F4xx_HAL_Driver/Inc/Legacy -I../Drivers/CMSIS/Device/ST/STM32F4xx/Include -I../Drivers/CMSIS/Include -O0 -ffunction-sections -fdata-sections -Wall -fstack-usage -fcyclomatic-complexity -MMD -MP -MF"Drivers/STM32F4xx_HAL_Driver/Src/stm32f4xx_hal_tim_ex.d" -MT"Drivers/STM32F4xx_HAL_Driver/Src/stm32f4xx_hal_tim_ex.o" --specs=nano.specs -mfpu=fpv4-sp-d16 -mfloat-abi=hard -mthumb -o "Drivers/STM32F4xx_HAL_Driver/Src/stm32f4xx_hal_tim_ex.o"
arm-none-eabi-gcc "../Drivers/STM32F4xx_HAL_Driver/Src/stm32f4xx_hal_uart.c" -mcpu=cortex-m4 -std=gnu11 -g3 -DDEBUG -DUSE_HAL_DRIVER -DSTM32F411xE -c -I../Core/Inc -I../Drivers/STM32F4xx_HAL_Driver/Inc -I../Drivers/STM32F4xx_HAL_Driver/Inc/Legacy -I../Drivers/CMSIS/Device/ST/STM32F4xx/Include -I../Drivers/CMSIS/Include -O0 -ffunction-sections -fdata-sections -Wall -fstack-usage -fcyclomatic-complexity -MMD -MP -MF"Drivers/STM32F4xx_HAL_Driver/Src/stm32f4xx_hal_uart.d" -MT"Drivers/STM32F4xx_HAL_Driver/Src/stm32f4xx_hal_uart.o" --specs=nano.specs -mfpu=fpv4-sp-d16 -mfloat-abi=hard -mthumb -o "Drivers/STM32F4xx_HAL_Driver/Src/stm32f4xx_hal_uart.o"
arm-none-eabi-gcc -mcpu=cortex-m4 -g3 -DDEBUG -c -x assembler-with-cpp -MMD -MP -MF"Core/Startup/startup_stm32f411retx.d" -MT"Core/Startup/startup_stm32f411retx.o" --specs=nano.specs -mfpu=fpv4-sp-d16 -mfloat-abi=hard -mthumb -o "Core/Startup/startup_stm32f411retx.o" "../Core/Startup/startup_stm32f411retx.s"
arm-none-eabi-gcc "C:/Users/user/source/repos/STM32/myLib/MyLib.c" -mcpu=cortex-m4 -std=gnu11 -g3 -DDEBUG -DUSE_HAL_DRIVER -DSTM32F411xE -c -I../Core/Inc -I../Drivers/STM32F4xx_HAL_Driver/Inc -I../Drivers/STM32F4xx_HAL_Driver/Inc/Legacy -I../Drivers/CMSIS/Device/ST/STM32F4xx/Include -I../Drivers/CMSIS/Include -O0 -ffunction-sections -fdata-sections -Wall -fstack-usage -fcyclomatic-complexity -MMD -MP -MF"Core/Src/MyLib.d" -MT"Core/Src/MyLib.o" --specs=nano.specs -mfpu=fpv4-sp-d16 -mfloat-abi=hard -mthumb -o "Core/Src/MyLib.o"
arm-none-eabi-gcc "../Core/Src/main.c" -mcpu=cortex-m4 -std=gnu11 -g3 -DDEBUG -DUSE_HAL_DRIVER -DSTM32F411xE -c -I../Core/Inc -I../Drivers/STM32F4xx_HAL_Driver/Inc -I../Drivers/STM32F4xx_HAL_Driver/Inc/Legacy -I../Drivers/CMSIS/Device/ST/STM32F4xx/Include -I../Drivers/CMSIS/Include -O0 -ffunction-sections -fdata-sections -Wall -fstack-usage -fcyclomatic-complexity -MMD -MP -MF"Core/Src/main.d" -MT"Core/Src/main.o" --specs=nano.specs -mfpu=fpv4-sp-d16 -mfloat-abi=hard -mthumb -o "Core/Src/main.o"
arm-none-eabi-gcc "../Core/Src/stm32f4xx_hal_msp.c" -mcpu=cortex-m4 -std=gnu11 -g3 -DDEBUG -DUSE_HAL_DRIVER -DSTM32F411xE -c -I../Core/Inc -I../Drivers/STM32F4xx_HAL_Driver/Inc -I../Drivers/STM32F4xx_HAL_Driver/Inc/Legacy -I../Drivers/CMSIS/Device/ST/STM32F4xx/Include -I../Drivers/CMSIS/Include -O0 -ffunction-sections -fdata-sections -Wall -fstack-usage -fcyclomatic-complexity -MMD -MP -MF"Core/Src/stm32f4xx_hal_msp.d" -MT"Core/Src/stm32f4xx_hal_msp.o" --specs=nano.specs -mfpu=fpv4-sp-d16 -mfloat-abi=hard -mthumb -o "Core/Src/stm32f4xx_hal_msp.o"
arm-none-eabi-gcc "../Core/Src/stm32f4xx_it.c" -mcpu=cortex-m4 -std=gnu11 -g3 -DDEBUG -DUSE_HAL_DRIVER -DSTM32F411xE -c -I../Core/Inc -I../Drivers/STM32F4xx_HAL_Driver/Inc -I../Drivers/STM32F4xx_HAL_Driver/Inc/Legacy -I../Drivers/CMSIS/Device/ST/STM32F4xx/Include -I../Drivers/CMSIS/Include -O0 -ffunction-sections -fdata-sections -Wall -fstack-usage -fcyclomatic-complexity -MMD -MP -MF"Core/Src/stm32f4xx_it.d" -MT"Core/Src/stm32f4xx_it.o" --specs=nano.specs -mfpu=fpv4-sp-d16 -mfloat-abi=hard -mthumb -o "Core/Src/stm32f4xx_it.o"
arm-none-eabi-gcc "../Core/Src/syscalls.c" -mcpu=cortex-m4 -std=gnu11 -g3 -DDEBUG -DUSE_HAL_DRIVER -DSTM32F411xE -c -I../Core/Inc -I../Drivers/STM32F4xx_HAL_Driver/Inc -I../Drivers/STM32F4xx_HAL_Driver/Inc/Legacy -I../Drivers/CMSIS/Device/ST/STM32F4xx/Include -I../Drivers/CMSIS/Include -O0 -ffunction-sections -fdata-sections -Wall -fstack-usage -fcyclomatic-complexity -MMD -MP -MF"Core/Src/syscalls.d" -MT"Core/Src/syscalls.o" --specs=nano.specs -mfpu=fpv4-sp-d16 -mfloat-abi=hard -mthumb -o "Core/Src/syscalls.o"
arm-none-eabi-gcc "../Core/Src/sysmem.c" -mcpu=cortex-m4 -std=gnu11 -g3 -DDEBUG -DUSE_HAL_DRIVER -DSTM32F411xE -c -I../Core/Inc -I../Drivers/STM32F4xx_HAL_Driver/Inc -I../Drivers/STM32F4xx_HAL_Driver/Inc/Legacy -I../Drivers/CMSIS/Device/ST/STM32F4xx/Include -I../Drivers/CMSIS/Include -O0 -ffunction-sections -fdata-sections -Wall -fstack-usage -fcyclomatic-complexity -MMD -MP -MF"Core/Src/sysmem.d" -MT"Core/Src/sysmem.o" --specs=nano.specs -mfpu=fpv4-sp-d16 -mfloat-abi=hard -mthumb -o "Core/Src/sysmem.o"
arm-none-eabi-gcc "../Core/Src/system_stm32f4xx.c" -mcpu=cortex-m4 -std=gnu11 -g3 -DDEBUG -DUSE_HAL_DRIVER -DSTM32F411xE -c -I../Core/Inc -I../Drivers/STM32F4xx_HAL_Driver/Inc -I../Drivers/STM32F4xx_HAL_Driver/Inc/Legacy -I../Drivers/CMSIS/Device/ST/STM32F4xx/Include -I../Drivers/CMSIS/Include -O0 -ffunction-sections -fdata-sections -Wall -fstack-usage -fcyclomatic-complexity -MMD -MP -MF"Core/Src/system_stm32f4xx.d" -MT"Core/Src/system_stm32f4xx.o" --specs=nano.specs -mfpu=fpv4-sp-d16 -mfloat-abi=hard -mthumb -o "Core/Src/system_stm32f4xx.o"
C:/Users/user/source/repos/STM32/myLib/MyLib.c: In function '__io_getchar':
C:/Users/user/source/repos/STM32/myLib/MyLib.c:17:36: warning: pointer targets in passing argument 2 of 'HAL_UART_Receive' differ in signedness [-Wpointer-sign]
   17 |    while(HAL_UART_Receive(&huart2, &ch, 1, 10) != HAL_OK);
      |                                    ^~~
      |                                    |
      |                                    char *
In file included from ../Core/Inc/stm32f4xx_hal_conf.h:411,
                 from ../Drivers/STM32F4xx_HAL_Driver/Inc/stm32f4xx_hal.h:29,
                 from ../Core/Inc/main.h:30,
                 from C:/Users/user/source/repos/STM32/myLib/MyLib.c:7:
../Drivers/STM32F4xx_HAL_Driver/Inc/stm32f4xx_hal_uart.h:746:72: note: expected 'uint8_t *' {aka 'unsigned char *'} but argument is of type 'char *'
  746 | HAL_StatusTypeDef HAL_UART_Receive(UART_HandleTypeDef *huart, uint8_t *pData, uint16_t Size, uint32_t Timeout);
      |                                                               ~~~~~~~~~^~~~~
C:/Users/user/source/repos/STM32/myLib/MyLib.c:18:31: warning: pointer targets in passing argument 2 of 'HAL_UART_Transmit' differ in signedness [-Wpointer-sign]
   18 |    HAL_UART_Transmit(&huart2, &ch, 1, 10); // echo: Serial ?Üµ?ã†?óê?Ñú Î∞õÏ? ?ç∞?ù¥?Ñ∞Î•? Í∑∏Î?Î°? ?èå?†§Ï£ºÎäî Í≤?
      |                               ^~~
      |                               |
      |                               char *
In file included from ../Core/Inc/stm32f4xx_hal_conf.h:411,
                 from ../Drivers/STM32F4xx_HAL_Driver/Inc/stm32f4xx_hal.h:29,
                 from ../Core/Inc/main.h:30,
                 from C:/Users/user/source/repos/STM32/myLib/MyLib.c:7:
../Drivers/STM32F4xx_HAL_Driver/Inc/stm32f4xx_hal_uart.h:745:79: note: expected 'const uint8_t *' {aka 'const unsigned char *'} but argument is of type 'char *'
  745 | HAL_StatusTypeDef HAL_UART_Transmit(UART_HandleTypeDef *huart, const uint8_t *pData, uint16_t Size, uint32_t Timeout);
      |                                                                ~~~~~~~~~~~~~~~^~~~~
C:/Users/user/source/repos/STM32/myLib/MyLib.c:19:46: warning: pointer targets in passing argument 2 of 'HAL_UART_Transmit' differ in signedness [-Wpointer-sign]
   19 |    if(ch == '\r') HAL_UART_Transmit(&huart2, "\n", 1, 10);
      |                                              ^~~~
      |                                              |
      |                                              char *
In file included from ../Core/Inc/stm32f4xx_hal_conf.h:411,
                 from ../Drivers/STM32F4xx_HAL_Driver/Inc/stm32f4xx_hal.h:29,
                 from ../Core/Inc/main.h:30,
                 from C:/Users/user/source/repos/STM32/myLib/MyLib.c:7:
../Drivers/STM32F4xx_HAL_Driver/Inc/stm32f4xx_hal_uart.h:745:79: note: expected 'const uint8_t *' {aka 'const unsigned char *'} but argument is of type 'char *'
  745 | HAL_StatusTypeDef HAL_UART_Transmit(UART_HandleTypeDef *huart, const uint8_t *pData, uint16_t Size, uint32_t Timeout);
      |                                                                ~~~~~~~~~~~~~~~^~~~~
C:/Users/user/source/repos/STM32/myLib/MyLib.c: In function '__io_putchar':
C:/Users/user/source/repos/STM32/myLib/MyLib.c:24:31: warning: passing argument 2 of 'HAL_UART_Transmit' from incompatible pointer type [-Wincompatible-pointer-types]
   24 |    HAL_UART_Transmit(&huart2, &ch, 1, 10); // timeout: 10ms
      |                               ^~~
      |                               |
      |                               int *
In file included from ../Core/Inc/stm32f4xx_hal_conf.h:411,
                 from ../Drivers/STM32F4xx_HAL_Driver/Inc/stm32f4xx_hal.h:29,
                 from ../Core/Inc/main.h:30,
                 from C:/Users/user/source/repos/STM32/myLib/MyLib.c:7:
../Drivers/STM32F4xx_HAL_Driver/Inc/stm32f4xx_hal_uart.h:745:79: note: expected 'const uint8_t *' {aka 'const unsigned char *'} but argument is of type 'int *'
  745 | HAL_StatusTypeDef HAL_UART_Transmit(UART_HandleTypeDef *huart, const uint8_t *pData, uint16_t Size, uint32_t Timeout);
      |                                                                ~~~~~~~~~~~~~~~^~~~~
C:/Users/user/source/repos/STM32/myLib/MyLib.c: In function 'ProgramStart':
C:/Users/user/source/repos/STM32/myLib/MyLib.c:30:4: warning: implicit declaration of function 'cls' [-Wimplicit-function-declaration]
   30 |    cls();
      |    ^~~
C:/Users/user/source/repos/STM32/myLib/MyLib.c:31:4: warning: implicit declaration of function 'Cursor' [-Wimplicit-function-declaration]
   31 |    Cursor(0,0);
      |    ^~~~~~
C:/Users/user/source/repos/STM32/myLib/MyLib.c:34:4: warning: implicit declaration of function 'StandBy' [-Wimplicit-function-declaration]
   34 |    StandBy();
      |    ^~~~~~~
C:/Users/user/source/repos/STM32/myLib/MyLib.c: At top level:
C:/Users/user/source/repos/STM32/myLib/MyLib.c:38:6: warning: conflicting types for 'StandBy'; have 'void()'
   38 | void StandBy()
      |      ^~~~~~~
C:/Users/user/source/repos/STM32/myLib/MyLib.c:34:4: note: previous implicit declaration of 'StandBy' with type 'void()'
   34 |    StandBy();
      |    ^~~~~~~
C:/Users/user/source/repos/STM32/myLib/MyLib.c:43:6: warning: conflicting types for 'cls'; have 'void()'
   43 | void cls() // ?ôîÎ©? clear
      |      ^~~
C:/Users/user/source/repos/STM32/myLib/MyLib.c:30:4: note: previous implicit declaration of 'cls' with type 'void()'
   30 |    cls();
      |    ^~~
C:/Users/user/source/repos/STM32/myLib/MyLib.c:48:6: warning: conflicting types for 'Cursor'; have 'void(int,  int)'
   48 | void Cursor(int x, int y)
      |      ^~~~~~
C:/Users/user/source/repos/STM32/myLib/MyLib.c:31:4: note: previous implicit declaration of 'Cursor' with type 'void(int,  int)'
   31 |    Cursor(0,0);
      |    ^~~~~~
arm-none-eabi-gcc -o "Test002-Timer-INTV.elf" @"objects.list"   -mcpu=cortex-m4 -T"C:\Users\user\source\repos\STM32\Test002-Timer-INTV\STM32F411RETX_FLASH.ld" --specs=nosys.specs -Wl,-Map="Test002-Timer-INTV.map" -Wl,--gc-sections -static --specs=nano.specs -mfpu=fpv4-sp-d16 -mfloat-abi=hard -mthumb -Wl,--start-group -lc -lm -Wl,--end-group
Finished building target: Test002-Timer-INTV.elf
 
arm-none-eabi-size  Test002-Timer-INTV.elf 
arm-none-eabi-objdump -h -S Test002-Timer-INTV.elf  > "Test002-Timer-INTV.list"
   text	   data	    bss	    dec	    hex	filename
   9976	     20	   1716	  11712	   2dc0	Test002-Timer-INTV.elf
Finished building: default.size.stdout
 
Finished building: Test002-Timer-INTV.list
 
15:09:05 **** Incremental Build of configuration Debug for project Test002-Timer-INTV ****
make -j24 all 
arm-none-eabi-gcc "../Core/Src/main.c" -mcpu=cortex-m4 -std=gnu11 -g3 -DDEBUG -DUSE_HAL_DRIVER -DSTM32F411xE -c -I../Core/Inc -I../Drivers/STM32F4xx_HAL_Driver/Inc -I../Drivers/STM32F4xx_HAL_Driver/Inc/Legacy -I../Drivers/CMSIS/Device/ST/STM32F4xx/Include -I../Drivers/CMSIS/Include -O0 -ffunction-sections -fdata-sections -Wall -fstack-usage -fcyclomatic-complexity -MMD -MP -MF"Core/Src/main.d" -MT"Core/Src/main.o" --specs=nano.specs -mfpu=fpv4-sp-d16 -mfloat-abi=hard -mthumb -o "Core/Src/main.o"
../Core/Src/main.c: In function 'main':
../Core/Src/main.c:116:3: warning: implicit declaration of function 'ProgramStart' [-Wimplicit-function-declaration]
  116 |   ProgramStart("Timer - Clock");
      |   ^~~~~~~~~~~~
../Core/Src/main.c:123:9: warning: implicit declaration of function 'Cursor' [-Wimplicit-function-declaration]
  123 |         Cursor(30, 10);
      |         ^~~~~~
../Core/Src/main.c:124:9: warning: implicit declaration of function 'printf' [-Wimplicit-function-declaration]
  124 |         printf("%02d-%02d-%02d",h,m,s);
      |         ^~~~~~
../Core/Src/main.c:21:1: note: include '<stdio.h>' or provide a declaration of 'printf'
   20 | #include "main.h"
  +++ |+#include <stdio.h>
   21 | 
../Core/Src/main.c:124:9: warning: incompatible implicit declaration of built-in function 'printf' [-Wbuiltin-declaration-mismatch]
  124 |         printf("%02d-%02d-%02d",h,m,s);
      |         ^~~~~~
../Core/Src/main.c:124:9: note: include '<stdio.h>' or provide a declaration of 'printf'
arm-none-eabi-gcc -o "Test002-Timer-INTV.elf" @"objects.list"   -mcpu=cortex-m4 -T"C:\Users\user\source\repos\STM32\Test002-Timer-INTV\STM32F411RETX_FLASH.ld" --specs=nosys.specs -Wl,-Map="Test002-Timer-INTV.map" -Wl,--gc-sections -static --specs=nano.specs -mfpu=fpv4-sp-d16 -mfloat-abi=hard -mthumb -Wl,--start-group -lc -lm -Wl,--end-group
Finished building target: Test002-Timer-INTV.elf
 
arm-none-eabi-size  Test002-Timer-INTV.elf 
arm-none-eabi-objdump -h -S Test002-Timer-INTV.elf  > "Test002-Timer-INTV.list"
   text	   data	    bss	    dec	    hex	filename
  17168	    112	   2064	  19344	   4b90	Test002-Timer-INTV.elf
Finished building: default.size.stdout
 
Finished building: Test002-Timer-INTV.list
 
15:09:45 **** Incremental Build of configuration Debug for project Test002-Timer-INTV ****
make -j24 all 
arm-none-eabi-size  Test002-Timer-INTV.elf 
   text	   data	    bss	    dec	    hex	filename
  17168	    112	   2064	  19344	   4b90	Test002-Timer-INTV.elf
Finished building: default.size.stdout
 
15:10:49 **** Incremental Build of configuration Debug for project Test002-Timer-INTV ****
make -j24 all 
arm-none-eabi-gcc "../Core/Src/main.c" -mcpu=cortex-m4 -std=gnu11 -g3 -DDEBUG -DUSE_HAL_DRIVER -DSTM32F411xE -c -I../Core/Inc -I../Drivers/STM32F4xx_HAL_Driver/Inc -I../Drivers/STM32F4xx_HAL_Driver/Inc/Legacy -I../Drivers/CMSIS/Device/ST/STM32F4xx/Include -I../Drivers/CMSIS/Include -O0 -ffunction-sections -fdata-sections -Wall -fstack-usage -fcyclomatic-complexity -MMD -MP -MF"Core/Src/main.d" -MT"Core/Src/main.o" --specs=nano.specs -mfpu=fpv4-sp-d16 -mfloat-abi=hard -mthumb -o "Core/Src/main.o"
../Core/Src/main.c: In function 'main':
../Core/Src/main.c:117:3: warning: implicit declaration of function 'ProgramStart' [-Wimplicit-function-declaration]
  117 |   ProgramStart("Timer - Clock");
      |   ^~~~~~~~~~~~
../Core/Src/main.c:124:9: warning: implicit declaration of function 'Cursor' [-Wimplicit-function-declaration]
  124 |         Cursor(30, 10);
      |         ^~~~~~
../Core/Src/main.c:125:9: warning: implicit declaration of function 'printf' [-Wimplicit-function-declaration]
  125 |         printf("%02d-%02d-%02d",h,m,s);
      |         ^~~~~~
../Core/Src/main.c:21:1: note: include '<stdio.h>' or provide a declaration of 'printf'
   20 | #include "main.h"
  +++ |+#include <stdio.h>
   21 | 
../Core/Src/main.c:125:9: warning: incompatible implicit declaration of built-in function 'printf' [-Wbuiltin-declaration-mismatch]
  125 |         printf("%02d-%02d-%02d",h,m,s);
      |         ^~~~~~
../Core/Src/main.c:125:9: note: include '<stdio.h>' or provide a declaration of 'printf'
arm-none-eabi-gcc -o "Test002-Timer-INTV.elf" @"objects.list"   -mcpu=cortex-m4 -T"C:\Users\user\source\repos\STM32\Test002-Timer-INTV\STM32F411RETX_FLASH.ld" --specs=nosys.specs -Wl,-Map="Test002-Timer-INTV.map" -Wl,--gc-sections -static --specs=nano.specs -mfpu=fpv4-sp-d16 -mfloat-abi=hard -mthumb -Wl,--start-group -lc -lm -Wl,--end-group
Finished building target: Test002-Timer-INTV.elf
 
arm-none-eabi-size  Test002-Timer-INTV.elf 
arm-none-eabi-objdump -h -S Test002-Timer-INTV.elf  > "Test002-Timer-INTV.list"
   text	   data	    bss	    dec	    hex	filename
  17376	    112	   2064	  19552	   4c60	Test002-Timer-INTV.elf
Finished building: default.size.stdout
 
Finished building: Test002-Timer-INTV.list
 
15:12:35 **** Incremental Build of configuration Debug for project Test002-Timer-INTV ****
make -j24 all 
arm-none-eabi-gcc "../Core/Src/main.c" -mcpu=cortex-m4 -std=gnu11 -g3 -DDEBUG -DUSE_HAL_DRIVER -DSTM32F411xE -c -I../Core/Inc -I../Drivers/STM32F4xx_HAL_Driver/Inc -I../Drivers/STM32F4xx_HAL_Driver/Inc/Legacy -I../Drivers/CMSIS/Device/ST/STM32F4xx/Include -I../Drivers/CMSIS/Include -O0 -ffunction-sections -fdata-sections -Wall -fstack-usage -fcyclomatic-complexity -MMD -MP -MF"Core/Src/main.d" -MT"Core/Src/main.o" --specs=nano.specs -mfpu=fpv4-sp-d16 -mfloat-abi=hard -mthumb -o "Core/Src/main.o"
../Core/Src/main.c: In function 'main':
../Core/Src/main.c:117:3: warning: implicit declaration of function 'ProgramStart' [-Wimplicit-function-declaration]
  117 |   ProgramStart("Timer - Clock");
      |   ^~~~~~~~~~~~
../Core/Src/main.c:124:9: warning: implicit declaration of function 'Cursor' [-Wimplicit-function-declaration]
  124 |         Cursor(30, 10);
      |         ^~~~~~
../Core/Src/main.c:125:9: warning: implicit declaration of function 'printf' [-Wimplicit-function-declaration]
  125 |         printf("%02d-%02d-%02d",h,m,s);
      |         ^~~~~~
../Core/Src/main.c:21:1: note: include '<stdio.h>' or provide a declaration of 'printf'
   20 | #include "main.h"
  +++ |+#include <stdio.h>
   21 | 
../Core/Src/main.c:125:9: warning: incompatible implicit declaration of built-in function 'printf' [-Wbuiltin-declaration-mismatch]
  125 |         printf("%02d-%02d-%02d",h,m,s);
      |         ^~~~~~
../Core/Src/main.c:125:9: note: include '<stdio.h>' or provide a declaration of 'printf'
arm-none-eabi-gcc -o "Test002-Timer-INTV.elf" @"objects.list"   -mcpu=cortex-m4 -T"C:\Users\user\source\repos\STM32\Test002-Timer-INTV\STM32F411RETX_FLASH.ld" --specs=nosys.specs -Wl,-Map="Test002-Timer-INTV.map" -Wl,--gc-sections -static --specs=nano.specs -mfpu=fpv4-sp-d16 -mfloat-abi=hard -mthumb -Wl,--start-group -lc -lm -Wl,--end-group
Finished building target: Test002-Timer-INTV.elf
 
arm-none-eabi-size  Test002-Timer-INTV.elf 
arm-none-eabi-objdump -h -S Test002-Timer-INTV.elf  > "Test002-Timer-INTV.list"
   text	   data	    bss	    dec	    hex	filename
  17376	    116	   2060	  19552	   4c60	Test002-Timer-INTV.elf
Finished building: default.size.stdout
 
Finished building: Test002-Timer-INTV.list
 
15:52:56 **** Build of configuration Debug for project Test002-Timer-PWM ****
make -j24 all 
arm-none-eabi-gcc "../Drivers/STM32F4xx_HAL_Driver/Src/stm32f4xx_hal.c" -mcpu=cortex-m4 -std=gnu11 -g3 -DDEBUG -DUSE_HAL_DRIVER -DSTM32F411xE -c -I../Core/Inc -I../Drivers/STM32F4xx_HAL_Driver/Inc -I../Drivers/STM32F4xx_HAL_Driver/Inc/Legacy -I../Drivers/CMSIS/Device/ST/STM32F4xx/Include -I../Drivers/CMSIS/Include -O0 -ffunction-sections -fdata-sections -Wall -fstack-usage -fcyclomatic-complexity -MMD -MP -MF"Drivers/STM32F4xx_HAL_Driver/Src/stm32f4xx_hal.d" -MT"Drivers/STM32F4xx_HAL_Driver/Src/stm32f4xx_hal.o" --specs=nano.specs -mfpu=fpv4-sp-d16 -mfloat-abi=hard -mthumb -o "Drivers/STM32F4xx_HAL_Driver/Src/stm32f4xx_hal.o"
arm-none-eabi-gcc "../Drivers/STM32F4xx_HAL_Driver/Src/stm32f4xx_hal_cortex.c" -mcpu=cortex-m4 -std=gnu11 -g3 -DDEBUG -DUSE_HAL_DRIVER -DSTM32F411xE -c -I../Core/Inc -I../Drivers/STM32F4xx_HAL_Driver/Inc -I../Drivers/STM32F4xx_HAL_Driver/Inc/Legacy -I../Drivers/CMSIS/Device/ST/STM32F4xx/Include -I../Drivers/CMSIS/Include -O0 -ffunction-sections -fdata-sections -Wall -fstack-usage -fcyclomatic-complexity -MMD -MP -MF"Drivers/STM32F4xx_HAL_Driver/Src/stm32f4xx_hal_cortex.d" -MT"Drivers/STM32F4xx_HAL_Driver/Src/stm32f4xx_hal_cortex.o" --specs=nano.specs -mfpu=fpv4-sp-d16 -mfloat-abi=hard -mthumb -o "Drivers/STM32F4xx_HAL_Driver/Src/stm32f4xx_hal_cortex.o"
arm-none-eabi-gcc "../Drivers/STM32F4xx_HAL_Driver/Src/stm32f4xx_hal_dma.c" -mcpu=cortex-m4 -std=gnu11 -g3 -DDEBUG -DUSE_HAL_DRIVER -DSTM32F411xE -c -I../Core/Inc -I../Drivers/STM32F4xx_HAL_Driver/Inc -I../Drivers/STM32F4xx_HAL_Driver/Inc/Legacy -I../Drivers/CMSIS/Device/ST/STM32F4xx/Include -I../Drivers/CMSIS/Include -O0 -ffunction-sections -fdata-sections -Wall -fstack-usage -fcyclomatic-complexity -MMD -MP -MF"Drivers/STM32F4xx_HAL_Driver/Src/stm32f4xx_hal_dma.d" -MT"Drivers/STM32F4xx_HAL_Driver/Src/stm32f4xx_hal_dma.o" --specs=nano.specs -mfpu=fpv4-sp-d16 -mfloat-abi=hard -mthumb -o "Drivers/STM32F4xx_HAL_Driver/Src/stm32f4xx_hal_dma.o"
arm-none-eabi-gcc "../Drivers/STM32F4xx_HAL_Driver/Src/stm32f4xx_hal_dma_ex.c" -mcpu=cortex-m4 -std=gnu11 -g3 -DDEBUG -DUSE_HAL_DRIVER -DSTM32F411xE -c -I../Core/Inc -I../Drivers/STM32F4xx_HAL_Driver/Inc -I../Drivers/STM32F4xx_HAL_Driver/Inc/Legacy -I../Drivers/CMSIS/Device/ST/STM32F4xx/Include -I../Drivers/CMSIS/Include -O0 -ffunction-sections -fdata-sections -Wall -fstack-usage -fcyclomatic-complexity -MMD -MP -MF"Drivers/STM32F4xx_HAL_Driver/Src/stm32f4xx_hal_dma_ex.d" -MT"Drivers/STM32F4xx_HAL_Driver/Src/stm32f4xx_hal_dma_ex.o" --specs=nano.specs -mfpu=fpv4-sp-d16 -mfloat-abi=hard -mthumb -o "Drivers/STM32F4xx_HAL_Driver/Src/stm32f4xx_hal_dma_ex.o"
arm-none-eabi-gcc "../Drivers/STM32F4xx_HAL_Driver/Src/stm32f4xx_hal_exti.c" -mcpu=cortex-m4 -std=gnu11 -g3 -DDEBUG -DUSE_HAL_DRIVER -DSTM32F411xE -c -I../Core/Inc -I../Drivers/STM32F4xx_HAL_Driver/Inc -I../Drivers/STM32F4xx_HAL_Driver/Inc/Legacy -I../Drivers/CMSIS/Device/ST/STM32F4xx/Include -I../Drivers/CMSIS/Include -O0 -ffunction-sections -fdata-sections -Wall -fstack-usage -fcyclomatic-complexity -MMD -MP -MF"Drivers/STM32F4xx_HAL_Driver/Src/stm32f4xx_hal_exti.d" -MT"Drivers/STM32F4xx_HAL_Driver/Src/stm32f4xx_hal_exti.o" --specs=nano.specs -mfpu=fpv4-sp-d16 -mfloat-abi=hard -mthumb -o "Drivers/STM32F4xx_HAL_Driver/Src/stm32f4xx_hal_exti.o"
arm-none-eabi-gcc "../Drivers/STM32F4xx_HAL_Driver/Src/stm32f4xx_hal_flash.c" -mcpu=cortex-m4 -std=gnu11 -g3 -DDEBUG -DUSE_HAL_DRIVER -DSTM32F411xE -c -I../Core/Inc -I../Drivers/STM32F4xx_HAL_Driver/Inc -I../Drivers/STM32F4xx_HAL_Driver/Inc/Legacy -I../Drivers/CMSIS/Device/ST/STM32F4xx/Include -I../Drivers/CMSIS/Include -O0 -ffunction-sections -fdata-sections -Wall -fstack-usage -fcyclomatic-complexity -MMD -MP -MF"Drivers/STM32F4xx_HAL_Driver/Src/stm32f4xx_hal_flash.d" -MT"Drivers/STM32F4xx_HAL_Driver/Src/stm32f4xx_hal_flash.o" --specs=nano.specs -mfpu=fpv4-sp-d16 -mfloat-abi=hard -mthumb -o "Drivers/STM32F4xx_HAL_Driver/Src/stm32f4xx_hal_flash.o"
arm-none-eabi-gcc "../Drivers/STM32F4xx_HAL_Driver/Src/stm32f4xx_hal_flash_ex.c" -mcpu=cortex-m4 -std=gnu11 -g3 -DDEBUG -DUSE_HAL_DRIVER -DSTM32F411xE -c -I../Core/Inc -I../Drivers/STM32F4xx_HAL_Driver/Inc -I../Drivers/STM32F4xx_HAL_Driver/Inc/Legacy -I../Drivers/CMSIS/Device/ST/STM32F4xx/Include -I../Drivers/CMSIS/Include -O0 -ffunction-sections -fdata-sections -Wall -fstack-usage -fcyclomatic-complexity -MMD -MP -MF"Drivers/STM32F4xx_HAL_Driver/Src/stm32f4xx_hal_flash_ex.d" -MT"Drivers/STM32F4xx_HAL_Driver/Src/stm32f4xx_hal_flash_ex.o" --specs=nano.specs -mfpu=fpv4-sp-d16 -mfloat-abi=hard -mthumb -o "Drivers/STM32F4xx_HAL_Driver/Src/stm32f4xx_hal_flash_ex.o"
arm-none-eabi-gcc "../Drivers/STM32F4xx_HAL_Driver/Src/stm32f4xx_hal_flash_ramfunc.c" -mcpu=cortex-m4 -std=gnu11 -g3 -DDEBUG -DUSE_HAL_DRIVER -DSTM32F411xE -c -I../Core/Inc -I../Drivers/STM32F4xx_HAL_Driver/Inc -I../Drivers/STM32F4xx_HAL_Driver/Inc/Legacy -I../Drivers/CMSIS/Device/ST/STM32F4xx/Include -I../Drivers/CMSIS/Include -O0 -ffunction-sections -fdata-sections -Wall -fstack-usage -fcyclomatic-complexity -MMD -MP -MF"Drivers/STM32F4xx_HAL_Driver/Src/stm32f4xx_hal_flash_ramfunc.d" -MT"Drivers/STM32F4xx_HAL_Driver/Src/stm32f4xx_hal_flash_ramfunc.o" --specs=nano.specs -mfpu=fpv4-sp-d16 -mfloat-abi=hard -mthumb -o "Drivers/STM32F4xx_HAL_Driver/Src/stm32f4xx_hal_flash_ramfunc.o"
arm-none-eabi-gcc "../Drivers/STM32F4xx_HAL_Driver/Src/stm32f4xx_hal_gpio.c" -mcpu=cortex-m4 -std=gnu11 -g3 -DDEBUG -DUSE_HAL_DRIVER -DSTM32F411xE -c -I../Core/Inc -I../Drivers/STM32F4xx_HAL_Driver/Inc -I../Drivers/STM32F4xx_HAL_Driver/Inc/Legacy -I../Drivers/CMSIS/Device/ST/STM32F4xx/Include -I../Drivers/CMSIS/Include -O0 -ffunction-sections -fdata-sections -Wall -fstack-usage -fcyclomatic-complexity -MMD -MP -MF"Drivers/STM32F4xx_HAL_Driver/Src/stm32f4xx_hal_gpio.d" -MT"Drivers/STM32F4xx_HAL_Driver/Src/stm32f4xx_hal_gpio.o" --specs=nano.specs -mfpu=fpv4-sp-d16 -mfloat-abi=hard -mthumb -o "Drivers/STM32F4xx_HAL_Driver/Src/stm32f4xx_hal_gpio.o"
arm-none-eabi-gcc "../Drivers/STM32F4xx_HAL_Driver/Src/stm32f4xx_hal_pwr.c" -mcpu=cortex-m4 -std=gnu11 -g3 -DDEBUG -DUSE_HAL_DRIVER -DSTM32F411xE -c -I../Core/Inc -I../Drivers/STM32F4xx_HAL_Driver/Inc -I../Drivers/STM32F4xx_HAL_Driver/Inc/Legacy -I../Drivers/CMSIS/Device/ST/STM32F4xx/Include -I../Drivers/CMSIS/Include -O0 -ffunction-sections -fdata-sections -Wall -fstack-usage -fcyclomatic-complexity -MMD -MP -MF"Drivers/STM32F4xx_HAL_Driver/Src/stm32f4xx_hal_pwr.d" -MT"Drivers/STM32F4xx_HAL_Driver/Src/stm32f4xx_hal_pwr.o" --specs=nano.specs -mfpu=fpv4-sp-d16 -mfloat-abi=hard -mthumb -o "Drivers/STM32F4xx_HAL_Driver/Src/stm32f4xx_hal_pwr.o"
arm-none-eabi-gcc "../Drivers/STM32F4xx_HAL_Driver/Src/stm32f4xx_hal_pwr_ex.c" -mcpu=cortex-m4 -std=gnu11 -g3 -DDEBUG -DUSE_HAL_DRIVER -DSTM32F411xE -c -I../Core/Inc -I../Drivers/STM32F4xx_HAL_Driver/Inc -I../Drivers/STM32F4xx_HAL_Driver/Inc/Legacy -I../Drivers/CMSIS/Device/ST/STM32F4xx/Include -I../Drivers/CMSIS/Include -O0 -ffunction-sections -fdata-sections -Wall -fstack-usage -fcyclomatic-complexity -MMD -MP -MF"Drivers/STM32F4xx_HAL_Driver/Src/stm32f4xx_hal_pwr_ex.d" -MT"Drivers/STM32F4xx_HAL_Driver/Src/stm32f4xx_hal_pwr_ex.o" --specs=nano.specs -mfpu=fpv4-sp-d16 -mfloat-abi=hard -mthumb -o "Drivers/STM32F4xx_HAL_Driver/Src/stm32f4xx_hal_pwr_ex.o"
arm-none-eabi-gcc "../Drivers/STM32F4xx_HAL_Driver/Src/stm32f4xx_hal_rcc.c" -mcpu=cortex-m4 -std=gnu11 -g3 -DDEBUG -DUSE_HAL_DRIVER -DSTM32F411xE -c -I../Core/Inc -I../Drivers/STM32F4xx_HAL_Driver/Inc -I../Drivers/STM32F4xx_HAL_Driver/Inc/Legacy -I../Drivers/CMSIS/Device/ST/STM32F4xx/Include -I../Drivers/CMSIS/Include -O0 -ffunction-sections -fdata-sections -Wall -fstack-usage -fcyclomatic-complexity -MMD -MP -MF"Drivers/STM32F4xx_HAL_Driver/Src/stm32f4xx_hal_rcc.d" -MT"Drivers/STM32F4xx_HAL_Driver/Src/stm32f4xx_hal_rcc.o" --specs=nano.specs -mfpu=fpv4-sp-d16 -mfloat-abi=hard -mthumb -o "Drivers/STM32F4xx_HAL_Driver/Src/stm32f4xx_hal_rcc.o"
arm-none-eabi-gcc "../Drivers/STM32F4xx_HAL_Driver/Src/stm32f4xx_hal_rcc_ex.c" -mcpu=cortex-m4 -std=gnu11 -g3 -DDEBUG -DUSE_HAL_DRIVER -DSTM32F411xE -c -I../Core/Inc -I../Drivers/STM32F4xx_HAL_Driver/Inc -I../Drivers/STM32F4xx_HAL_Driver/Inc/Legacy -I../Drivers/CMSIS/Device/ST/STM32F4xx/Include -I../Drivers/CMSIS/Include -O0 -ffunction-sections -fdata-sections -Wall -fstack-usage -fcyclomatic-complexity -MMD -MP -MF"Drivers/STM32F4xx_HAL_Driver/Src/stm32f4xx_hal_rcc_ex.d" -MT"Drivers/STM32F4xx_HAL_Driver/Src/stm32f4xx_hal_rcc_ex.o" --specs=nano.specs -mfpu=fpv4-sp-d16 -mfloat-abi=hard -mthumb -o "Drivers/STM32F4xx_HAL_Driver/Src/stm32f4xx_hal_rcc_ex.o"
arm-none-eabi-gcc "../Drivers/STM32F4xx_HAL_Driver/Src/stm32f4xx_hal_tim.c" -mcpu=cortex-m4 -std=gnu11 -g3 -DDEBUG -DUSE_HAL_DRIVER -DSTM32F411xE -c -I../Core/Inc -I../Drivers/STM32F4xx_HAL_Driver/Inc -I../Drivers/STM32F4xx_HAL_Driver/Inc/Legacy -I../Drivers/CMSIS/Device/ST/STM32F4xx/Include -I../Drivers/CMSIS/Include -O0 -ffunction-sections -fdata-sections -Wall -fstack-usage -fcyclomatic-complexity -MMD -MP -MF"Drivers/STM32F4xx_HAL_Driver/Src/stm32f4xx_hal_tim.d" -MT"Drivers/STM32F4xx_HAL_Driver/Src/stm32f4xx_hal_tim.o" --specs=nano.specs -mfpu=fpv4-sp-d16 -mfloat-abi=hard -mthumb -o "Drivers/STM32F4xx_HAL_Driver/Src/stm32f4xx_hal_tim.o"
arm-none-eabi-gcc "../Drivers/STM32F4xx_HAL_Driver/Src/stm32f4xx_hal_tim_ex.c" -mcpu=cortex-m4 -std=gnu11 -g3 -DDEBUG -DUSE_HAL_DRIVER -DSTM32F411xE -c -I../Core/Inc -I../Drivers/STM32F4xx_HAL_Driver/Inc -I../Drivers/STM32F4xx_HAL_Driver/Inc/Legacy -I../Drivers/CMSIS/Device/ST/STM32F4xx/Include -I../Drivers/CMSIS/Include -O0 -ffunction-sections -fdata-sections -Wall -fstack-usage -fcyclomatic-complexity -MMD -MP -MF"Drivers/STM32F4xx_HAL_Driver/Src/stm32f4xx_hal_tim_ex.d" -MT"Drivers/STM32F4xx_HAL_Driver/Src/stm32f4xx_hal_tim_ex.o" --specs=nano.specs -mfpu=fpv4-sp-d16 -mfloat-abi=hard -mthumb -o "Drivers/STM32F4xx_HAL_Driver/Src/stm32f4xx_hal_tim_ex.o"
arm-none-eabi-gcc "../Drivers/STM32F4xx_HAL_Driver/Src/stm32f4xx_hal_uart.c" -mcpu=cortex-m4 -std=gnu11 -g3 -DDEBUG -DUSE_HAL_DRIVER -DSTM32F411xE -c -I../Core/Inc -I../Drivers/STM32F4xx_HAL_Driver/Inc -I../Drivers/STM32F4xx_HAL_Driver/Inc/Legacy -I../Drivers/CMSIS/Device/ST/STM32F4xx/Include -I../Drivers/CMSIS/Include -O0 -ffunction-sections -fdata-sections -Wall -fstack-usage -fcyclomatic-complexity -MMD -MP -MF"Drivers/STM32F4xx_HAL_Driver/Src/stm32f4xx_hal_uart.d" -MT"Drivers/STM32F4xx_HAL_Driver/Src/stm32f4xx_hal_uart.o" --specs=nano.specs -mfpu=fpv4-sp-d16 -mfloat-abi=hard -mthumb -o "Drivers/STM32F4xx_HAL_Driver/Src/stm32f4xx_hal_uart.o"
arm-none-eabi-gcc -mcpu=cortex-m4 -g3 -DDEBUG -c -x assembler-with-cpp -MMD -MP -MF"Core/Startup/startup_stm32f411retx.d" -MT"Core/Startup/startup_stm32f411retx.o" --specs=nano.specs -mfpu=fpv4-sp-d16 -mfloat-abi=hard -mthumb -o "Core/Startup/startup_stm32f411retx.o" "../Core/Startup/startup_stm32f411retx.s"
[...]
  22980	    116	  18444	  41540	   a244	Test010-RTOS.elf
Finished building: default.size.stdout
 
15:52:20 **** Incremental Build of configuration Debug for project Test010-RTOS ****
make -j24 all 
arm-none-eabi-gcc "../Core/Src/main.c" -mcpu=cortex-m4 -std=gnu11 -g3 -DDEBUG -DUSE_HAL_DRIVER -DSTM32F411xE -c -I../Core/Inc -I../Drivers/STM32F4xx_HAL_Driver/Inc -I../Drivers/STM32F4xx_HAL_Driver/Inc/Legacy -I../Drivers/CMSIS/Device/ST/STM32F4xx/Include -I../Drivers/CMSIS/Include -I../Middlewares/Third_Party/FreeRTOS/Source/include -I../Middlewares/Third_Party/FreeRTOS/Source/CMSIS_RTOS -I../Middlewares/Third_Party/FreeRTOS/Source/portable/GCC/ARM_CM4F -O0 -ffunction-sections -fdata-sections -Wall -fstack-usage -fcyclomatic-complexity -MMD -MP -MF"Core/Src/main.d" -MT"Core/Src/main.o" --specs=nano.specs -mfpu=fpv4-sp-d16 -mfloat-abi=hard -mthumb -o "Core/Src/main.o"
../Core/Src/main.c:66:13: warning: data definition has no type or storage class
   66 | int bn =0 ; mode =0; t1 =0;//mode : 1 button pressed 0 release
      |             ^~~~
../Core/Src/main.c:66:13: warning: type defaults to 'int' in declaration of 'mode' [-Wimplicit-int]
../Core/Src/main.c:66:22: warning: data definition has no type or storage class
   66 | int bn =0 ; mode =0; t1 =0;//mode : 1 button pressed 0 release
      |                      ^~
../Core/Src/main.c:66:22: warning: type defaults to 'int' in declaration of 't1' [-Wimplicit-int]
../Core/Src/main.c: In function 'main':
../Core/Src/main.c:257:3: warning: implicit declaration of function 'ProgramStart' [-Wimplicit-function-declaration]
  257 |   ProgramStart("RTOS-Start");
      |   ^~~~~~~~~~~~
../Core/Src/main.c: In function 'myStartTask01':
../Core/Src/main.c:457:9: warning: implicit declaration of function 'Cursor' [-Wimplicit-function-declaration]
  457 |         Cursor(0,0);
      |         ^~~~~~
../Core/Src/main.c:458:9: warning: implicit declaration of function 'printf' [-Wimplicit-function-declaration]
  458 |         printf("LD2 flashed %d times(Task1)", n1++);
      |         ^~~~~~
../Core/Src/main.c:22:1: note: include '<stdio.h>' or provide a declaration of 'printf'
   21 | #include "cmsis_os.h"
  +++ |+#include <stdio.h>
   22 | 
../Core/Src/main.c:458:9: warning: incompatible implicit declaration of built-in function 'printf' [-Wbuiltin-declaration-mismatch]
  458 |         printf("LD2 flashed %d times(Task1)", n1++);
      |         ^~~~~~
../Core/Src/main.c:458:9: note: include '<stdio.h>' or provide a declaration of 'printf'
../Core/Src/main.c: In function 'myStartTask02':
../Core/Src/main.c:486:19: warning: incompatible implicit declaration of built-in function 'printf' [-Wbuiltin-declaration-mismatch]
  486 |                   printf("B1 button pressed..... %d times", bn);
      |                   ^~~~~~
../Core/Src/main.c:486:19: note: include '<stdio.h>' or provide a declaration of 'printf'
../Core/Src/main.c:499:19: warning: incompatible implicit declaration of built-in function 'printf' [-Wbuiltin-declaration-mismatch]
  499 |                   printf("                                    ");
      |                   ^~~~~~
../Core/Src/main.c:499:19: note: include '<stdio.h>' or provide a declaration of 'printf'
../Core/Src/main.c:480:15: warning: unused variable 'd' [-Wunused-variable]
  480 |           int d;
      |               ^
../Core/Src/main.c:476:7: warning: unused variable 'n' [-Wunused-variable]
  476 |   int n=0;
      |       ^
arm-none-eabi-gcc -o "Test010-RTOS.elf" @"objects.list"   -mcpu=cortex-m4 -T"C:\Users\user\source\repos\STM32\Test010-RTOS\STM32F411RETX_FLASH.ld" --specs=nosys.specs -Wl,-Map="Test010-RTOS.map" -Wl,--gc-sections -static --specs=nano.specs -mfpu=fpv4-sp-d16 -mfloat-abi=hard -mthumb -Wl,--start-group -lc -lm -Wl,--end-group
Finished building target: Test010-RTOS.elf
 
arm-none-eabi-size  Test010-RTOS.elf 
arm-none-eabi-objdump -h -S Test010-RTOS.elf  > "Test010-RTOS.list"
   text	   data	    bss	    dec	    hex	filename
  22900	    116	  18444	  41460	   a1f4	Test010-RTOS.elf
Finished building: default.size.stdout
 
Finished building: Test010-RTOS.list
 
15:52:51 **** Incremental Build of configuration Debug for project Test010-RTOS ****
make -j24 all 
arm-none-eabi-gcc "../Core/Src/main.c" -mcpu=cortex-m4 -std=gnu11 -g3 -DDEBUG -DUSE_HAL_DRIVER -DSTM32F411xE -c -I../Core/Inc -I../Drivers/STM32F4xx_HAL_Driver/Inc -I../Drivers/STM32F4xx_HAL_Driver/Inc/Legacy -I../Drivers/CMSIS/Device/ST/STM32F4xx/Include -I../Drivers/CMSIS/Include -I../Middlewares/Third_Party/FreeRTOS/Source/include -I../Middlewares/Third_Party/FreeRTOS/Source/CMSIS_RTOS -I../Middlewares/Third_Party/FreeRTOS/Source/portable/GCC/ARM_CM4F -O0 -ffunction-sections -fdata-sections -Wall -fstack-usage -fcyclomatic-complexity -MMD -MP -MF"Core/Src/main.d" -MT"Core/Src/main.o" --specs=nano.specs -mfpu=fpv4-sp-d16 -mfloat-abi=hard -mthumb -o "Core/Src/main.o"
../Core/Src/main.c:66:13: warning: data definition has no type or storage class
   66 | int bn =0 ; mode =0; t1 =0;//mode : 1 button pressed 0 release
      |             ^~~~
../Core/Src/main.c:66:13: warning: type defaults to 'int' in declaration of 'mode' [-Wimplicit-int]
../Core/Src/main.c:66:22: warning: data definition has no type or storage class
   66 | int bn =0 ; mode =0; t1 =0;//mode : 1 button pressed 0 release
      |                      ^~
../Core/Src/main.c:66:22: warning: type defaults to 'int' in declaration of 't1' [-Wimplicit-int]
../Core/Src/main.c: In function 'main':
../Core/Src/main.c:257:3: warning: implicit declaration of function 'ProgramStart' [-Wimplicit-function-declaration]
  257 |   ProgramStart("RTOS-Start");
      |   ^~~~~~~~~~~~
../Core/Src/main.c: In function 'myStartTask01':
../Core/Src/main.c:457:9: warning: implicit declaration of function 'Cursor' [-Wimplicit-function-declaration]
  457 |         Cursor(0,0);
      |         ^~~~~~
../Core/Src/main.c:458:9: warning: implicit declaration of function 'printf' [-Wimplicit-function-declaration]
  458 |         printf("LD2 flashed %d times(Task1)", n1++);
      |         ^~~~~~
../Core/Src/main.c:22:1: note: include '<stdio.h>' or provide a declaration of 'printf'
   21 | #include "cmsis_os.h"
  +++ |+#include <stdio.h>
   22 | 
../Core/Src/main.c:458:9: warning: incompatible implicit declaration of built-in function 'printf' [-Wbuiltin-declaration-mismatch]
  458 |         printf("LD2 flashed %d times(Task1)", n1++);
      |         ^~~~~~
../Core/Src/main.c:458:9: note: include '<stdio.h>' or provide a declaration of 'printf'
../Core/Src/main.c: In function 'myStartTask02':
../Core/Src/main.c:486:19: warning: incompatible implicit declaration of built-in function 'printf' [-Wbuiltin-declaration-mismatch]
  486 |                   printf("B1 button pressed..... %d times", bn);
      |                   ^~~~~~
../Core/Src/main.c:486:19: note: include '<stdio.h>' or provide a declaration of 'printf'
../Core/Src/main.c:499:19: warning: incompatible implicit declaration of built-in function 'printf' [-Wbuiltin-declaration-mismatch]
  499 |                   printf("                                    ");
      |                   ^~~~~~
../Core/Src/main.c:499:19: note: include '<stdio.h>' or provide a declaration of 'printf'
../Core/Src/main.c:480:15: warning: unused variable 'd' [-Wunused-variable]
  480 |           int d;
      |               ^
../Core/Src/main.c:476:7: warning: unused variable 'n' [-Wunused-variable]
  476 |   int n=0;
      |       ^
arm-none-eabi-gcc -o "Test010-RTOS.elf" @"objects.list"   -mcpu=cortex-m4 -T"C:\Users\user\source\repos\STM32\Test010-RTOS\STM32F411RETX_FLASH.ld" --specs=nosys.specs -Wl,-Map="Test010-RTOS.map" -Wl,--gc-sections -static --specs=nano.specs -mfpu=fpv4-sp-d16 -mfloat-abi=hard -mthumb -Wl,--start-group -lc -lm -Wl,--end-group
Finished building target: Test010-RTOS.elf
 
arm-none-eabi-size  Test010-RTOS.elf 
arm-none-eabi-objdump -h -S Test010-RTOS.elf  > "Test010-RTOS.list"
   text	   data	    bss	    dec	    hex	filename
  22900	    116	  18444	  41460	   a1f4	Test010-RTOS.elf
Finished building: default.size.stdout
 
Finished building: Test010-RTOS.list
 
15:54:00 **** Incremental Build of configuration Debug for project Test010-RTOS ****
make -j24 all 
arm-none-eabi-gcc "../Core/Src/main.c" -mcpu=cortex-m4 -std=gnu11 -g3 -DDEBUG -DUSE_HAL_DRIVER -DSTM32F411xE -c -I../Core/Inc -I../Drivers/STM32F4xx_HAL_Driver/Inc -I../Drivers/STM32F4xx_HAL_Driver/Inc/Legacy -I../Drivers/CMSIS/Device/ST/STM32F4xx/Include -I../Drivers/CMSIS/Include -I../Middlewares/Third_Party/FreeRTOS/Source/include -I../Middlewares/Third_Party/FreeRTOS/Source/CMSIS_RTOS -I../Middlewares/Third_Party/FreeRTOS/Source/portable/GCC/ARM_CM4F -O0 -ffunction-sections -fdata-sections -Wall -fstack-usage -fcyclomatic-complexity -MMD -MP -MF"Core/Src/main.d" -MT"Core/Src/main.o" --specs=nano.specs -mfpu=fpv4-sp-d16 -mfloat-abi=hard -mthumb -o "Core/Src/main.o"
../Core/Src/main.c:66:13: warning: data definition has no type or storage class
   66 | int bn =0 ; mode =0; t1 =0;//mode : 1 button pressed 0 release
      |             ^~~~
../Core/Src/main.c:66:13: warning: type defaults to 'int' in declaration of 'mode' [-Wimplicit-int]
../Core/Src/main.c:66:22: warning: data definition has no type or storage class
   66 | int bn =0 ; mode =0; t1 =0;//mode : 1 button pressed 0 release
      |                      ^~
../Core/Src/main.c:66:22: warning: type defaults to 'int' in declaration of 't1' [-Wimplicit-int]
../Core/Src/main.c: In function 'main':
../Core/Src/main.c:257:3: warning: implicit declaration of function 'ProgramStart' [-Wimplicit-function-declaration]
  257 |   ProgramStart("RTOS-Start");
      |   ^~~~~~~~~~~~
../Core/Src/main.c: In function 'myStartTask01':
../Core/Src/main.c:457:9: warning: implicit declaration of function 'Cursor' [-Wimplicit-function-declaration]
  457 |         Cursor(0,0);
      |         ^~~~~~
../Core/Src/main.c:458:9: warning: implicit declaration of function 'printf' [-Wimplicit-function-declaration]
  458 |         printf("LD2 flashed %d times(Task1)", n1++);
      |         ^~~~~~
../Core/Src/main.c:22:1: note: include '<stdio.h>' or provide a declaration of 'printf'
   21 | #include "cmsis_os.h"
  +++ |+#include <stdio.h>
   22 | 
../Core/Src/main.c:458:9: warning: incompatible implicit declaration of built-in function 'printf' [-Wbuiltin-declaration-mismatch]
  458 |         printf("LD2 flashed %d times(Task1)", n1++);
      |         ^~~~~~
../Core/Src/main.c:458:9: note: include '<stdio.h>' or provide a declaration of 'printf'
../Core/Src/main.c: In function 'myStartTask02':
../Core/Src/main.c:486:19: warning: incompatible implicit declaration of built-in function 'printf' [-Wbuiltin-declaration-mismatch]
  486 |                   printf("B1 button pressed..... %d times", bn);
      |                   ^~~~~~
../Core/Src/main.c:486:19: note: include '<stdio.h>' or provide a declaration of 'printf'
../Core/Src/main.c:499:19: warning: incompatible implicit declaration of built-in function 'printf' [-Wbuiltin-declaration-mismatch]
  499 |                   printf("                                    ");
      |                   ^~~~~~
../Core/Src/main.c:499:19: note: include '<stdio.h>' or provide a declaration of 'printf'
../Core/Src/main.c:480:15: warning: unused variable 'd' [-Wunused-variable]
  480 |           int d;
      |               ^
../Core/Src/main.c:476:7: warning: unused variable 'n' [-Wunused-variable]
  476 |   int n=0;
      |       ^
arm-none-eabi-gcc -o "Test010-RTOS.elf" @"objects.list"   -mcpu=cortex-m4 -T"C:\Users\user\source\repos\STM32\Test010-RTOS\STM32F411RETX_FLASH.ld" --specs=nosys.specs -Wl,-Map="Test010-RTOS.map" -Wl,--gc-sections -static --specs=nano.specs -mfpu=fpv4-sp-d16 -mfloat-abi=hard -mthumb -Wl,--start-group -lc -lm -Wl,--end-group
Finished building target: Test010-RTOS.elf
 
arm-none-eabi-size  Test010-RTOS.elf 
arm-none-eabi-objdump -h -S Test010-RTOS.elf  > "Test010-RTOS.list"
   text	   data	    bss	    dec	    hex	filename
  22900	    116	  18444	  41460	   a1f4	Test010-RTOS.elf
Finished building: default.size.stdout
 
Finished building: Test010-RTOS.list
 
16:26:15 **** Incremental Build of configuration Debug for project Test010-RTOS ****
make -j24 all 
arm-none-eabi-gcc "../Core/Src/main.c" -mcpu=cortex-m4 -std=gnu11 -g3 -DDEBUG -DUSE_HAL_DRIVER -DSTM32F411xE -c -I../Core/Inc -I../Drivers/STM32F4xx_HAL_Driver/Inc -I../Drivers/STM32F4xx_HAL_Driver/Inc/Legacy -I../Drivers/CMSIS/Device/ST/STM32F4xx/Include -I../Drivers/CMSIS/Include -I../Middlewares/Third_Party/FreeRTOS/Source/include -I../Middlewares/Third_Party/FreeRTOS/Source/CMSIS_RTOS -I../Middlewares/Third_Party/FreeRTOS/Source/portable/GCC/ARM_CM4F -O0 -ffunction-sections -fdata-sections -Wall -fstack-usage -fcyclomatic-complexity -MMD -MP -MF"Core/Src/main.d" -MT"Core/Src/main.o" --specs=nano.specs -mfpu=fpv4-sp-d16 -mfloat-abi=hard -mthumb -o "Core/Src/main.o"
../Core/Src/main.c:66:13: warning: data definition has no type or storage class
   66 | int bn =0 ; mode =0; t1 =0;//mode : 1 button pressed 0 release
      |             ^~~~
../Core/Src/main.c:66:13: warning: type defaults to 'int' in declaration of 'mode' [-Wimplicit-int]
../Core/Src/main.c:66:22: warning: data definition has no type or storage class
   66 | int bn =0 ; mode =0; t1 =0;//mode : 1 button pressed 0 release
      |                      ^~
../Core/Src/main.c:66:22: warning: type defaults to 'int' in declaration of 't1' [-Wimplicit-int]
../Core/Src/main.c: In function 'main':
../Core/Src/main.c:257:3: warning: implicit declaration of function 'ProgramStart' [-Wimplicit-function-declaration]
  257 |   ProgramStart("RTOS-Start");
      |   ^~~~~~~~~~~~
../Core/Src/main.c: In function 'myStartTask01':
../Core/Src/main.c:457:9: warning: implicit declaration of function 'Cursor' [-Wimplicit-function-declaration]
  457 |         Cursor(0,0);
      |         ^~~~~~
../Core/Src/main.c:458:9: warning: implicit declaration of function 'printf' [-Wimplicit-function-declaration]
  458 |         printf("LD2 flashed %d times(Task1)", n1++);
      |         ^~~~~~
../Core/Src/main.c:22:1: note: include '<stdio.h>' or provide a declaration of 'printf'
   21 | #include "cmsis_os.h"
  +++ |+#include <stdio.h>
   22 | 
../Core/Src/main.c:458:9: warning: incompatible implicit declaration of built-in function 'printf' [-Wbuiltin-declaration-mismatch]
  458 |         printf("LD2 flashed %d times(Task1)", n1++);
      |         ^~~~~~
../Core/Src/main.c:458:9: note: include '<stdio.h>' or provide a declaration of 'printf'
../Core/Src/main.c: In function 'myStartTask02':
../Core/Src/main.c:485:19: warning: incompatible implicit declaration of built-in function 'printf' [-Wbuiltin-declaration-mismatch]
  485 |                   printf("B1 button pressed..... %d times", bn);
      |                   ^~~~~~
../Core/Src/main.c:485:19: note: include '<stdio.h>' or provide a declaration of 'printf'
../Core/Src/main.c:488:38: error: expected ';' before 'if'
  488 |                   step_wave((t1%4)+1)
      |                                      ^
      |                                      ;
  489 |                   if(++t1>256)
      |                   ~~                  
../Core/Src/main.c:498:19: warning: incompatible implicit declaration of built-in function 'printf' [-Wbuiltin-declaration-mismatch]
  498 |                   printf("                                    ");
      |                   ^~~~~~
../Core/Src/main.c:498:19: note: include '<stdio.h>' or provide a declaration of 'printf'
../Core/Src/main.c:480:15: warning: unused variable 'd' [-Wunused-variable]
  480 |           int d;
      |               ^
../Core/Src/main.c:476:7: warning: unused variable 'n' [-Wunused-variable]
  476 |   int n=0;
      |       ^
make: *** [Core/Src/subdir.mk:45: Core/Src/main.o] Error 1
"make -j24 all" terminated with exit code 2. Build might be incomplete.
16:27:52 **** Incremental Build of configuration Debug for project Test010-RTOS ****
make -j24 all 
arm-none-eabi-gcc "../Core/Src/main.c" -mcpu=cortex-m4 -std=gnu11 -g3 -DDEBUG -DUSE_HAL_DRIVER -DSTM32F411xE -c -I../Core/Inc -I../Drivers/STM32F4xx_HAL_Driver/Inc -I../Drivers/STM32F4xx_HAL_Driver/Inc/Legacy -I../Drivers/CMSIS/Device/ST/STM32F4xx/Include -I../Drivers/CMSIS/Include -I../Middlewares/Third_Party/FreeRTOS/Source/include -I../Middlewares/Third_Party/FreeRTOS/Source/CMSIS_RTOS -I../Middlewares/Third_Party/FreeRTOS/Source/portable/GCC/ARM_CM4F -O0 -ffunction-sections -fdata-sections -Wall -fstack-usage -fcyclomatic-complexity -MMD -MP -MF"Core/Src/main.d" -MT"Core/Src/main.o" --specs=nano.specs -mfpu=fpv4-sp-d16 -mfloat-abi=hard -mthumb -o "Core/Src/main.o"
../Core/Src/main.c:66:13: warning: data definition has no type or storage class
   66 | int bn =0 ; mode =0; t1 =0;//mode : 1 button pressed 0 release
      |             ^~~~
../Core/Src/main.c:66:13: warning: type defaults to 'int' in declaration of 'mode' [-Wimplicit-int]
../Core/Src/main.c:66:22: warning: data definition has no type or storage class
   66 | int bn =0 ; mode =0; t1 =0;//mode : 1 button pressed 0 release
      |                      ^~
../Core/Src/main.c:66:22: warning: type defaults to 'int' in declaration of 't1' [-Wimplicit-int]
../Core/Src/main.c: In function 'main':
../Core/Src/main.c:257:3: warning: implicit declaration of function 'ProgramStart' [-Wimplicit-function-declaration]
  257 |   ProgramStart("RTOS-Start");
      |   ^~~~~~~~~~~~
../Core/Src/main.c: In function 'myStartTask01':
../Core/Src/main.c:457:9: warning: implicit declaration of function 'Cursor' [-Wimplicit-function-declaration]
  457 |         Cursor(0,0);
      |         ^~~~~~
../Core/Src/main.c:458:9: warning: implicit declaration of function 'printf' [-Wimplicit-function-declaration]
  458 |         printf("LD2 flashed %d times(Task1)", n1++);
      |         ^~~~~~
../Core/Src/main.c:22:1: note: include '<stdio.h>' or provide a declaration of 'printf'
   21 | #include "cmsis_os.h"
  +++ |+#include <stdio.h>
   22 | 
../Core/Src/main.c:458:9: warning: incompatible implicit declaration of built-in function 'printf' [-Wbuiltin-declaration-mismatch]
  458 |         printf("LD2 flashed %d times(Task1)", n1++);
      |         ^~~~~~
../Core/Src/main.c:458:9: note: include '<stdio.h>' or provide a declaration of 'printf'
../Core/Src/main.c: In function 'myStartTask02':
../Core/Src/main.c:485:19: warning: incompatible implicit declaration of built-in function 'printf' [-Wbuiltin-declaration-mismatch]
  485 |                   printf("B1 button pressed..... %d times", bn);
      |                   ^~~~~~
../Core/Src/main.c:485:19: note: include '<stdio.h>' or provide a declaration of 'printf'
../Core/Src/main.c:498:19: warning: incompatible implicit declaration of built-in function 'printf' [-Wbuiltin-declaration-mismatch]
  498 |                   printf("                                    ");
      |                   ^~~~~~
../Core/Src/main.c:498:19: note: include '<stdio.h>' or provide a declaration of 'printf'
../Core/Src/main.c:480:15: warning: unused variable 'd' [-Wunused-variable]
  480 |           int d;
      |               ^
../Core/Src/main.c:476:7: warning: unused variable 'n' [-Wunused-variable]
  476 |   int n=0;
      |       ^
arm-none-eabi-gcc -o "Test010-RTOS.elf" @"objects.list"   -mcpu=cortex-m4 -T"C:\Users\user\source\repos\STM32\Test010-RTOS\STM32F411RETX_FLASH.ld" --specs=nosys.specs -Wl,-Map="Test010-RTOS.map" -Wl,--gc-sections -static --specs=nano.specs -mfpu=fpv4-sp-d16 -mfloat-abi=hard -mthumb -Wl,--start-group -lc -lm -Wl,--end-group
Finished building target: Test010-RTOS.elf
 
arm-none-eabi-size  Test010-RTOS.elf 
arm-none-eabi-objdump -h -S Test010-RTOS.elf  > "Test010-RTOS.list"
   text	   data	    bss	    dec	    hex	filename
  22916	    116	  18444	  41476	   a204	Test010-RTOS.elf
Finished building: default.size.stdout
 
Finished building: Test010-RTOS.list
 
