16:47:09 **** Incremental Build of configuration Debug for project Test003-UART ****
make -j24 all 
arm-none-eabi-gcc "C:/Users/user/source/repos/STM32/myLib/MyLib.c" -mcpu=cortex-m4 -std=gnu11 -g3 -DDEBUG -DUSE_HAL_DRIVER -DSTM32F411xE -c -I../Core/Inc -I../Drivers/STM32F4xx_HAL_Driver/Inc -I../Drivers/STM32F4xx_HAL_Driver/Inc/Legacy -I../Drivers/CMSIS/Device/ST/STM32F4xx/Include -I../Drivers/CMSIS/Include -O0 -ffunction-sections -fdata-sections -Wall -fstack-usage -fcyclomatic-complexity -MMD -MP -MF"Core/Src/MyLib.d" -MT"Core/Src/MyLib.o" --specs=nano.specs -mfpu=fpv4-sp-d16 -mfloat-abi=hard -mthumb -o "Core/Src/MyLib.o"
C:/Users/user/source/repos/STM32/myLib/MyLib.c: In function '__io_putchar':
C:/Users/user/source/repos/STM32/myLib/MyLib.c:14:36: warning: passing argument 2 of 'HAL_UART_Transmit' from incompatible pointer type [-Wincompatible-pointer-types]
   14 |         HAL_UART_Transmit(&huart2, &ch, 1, 10);
      |                                    ^~~
      |                                    |
      |                                    int *
In file included from ../Core/Inc/stm32f4xx_hal_conf.h:411,
                 from ../Drivers/STM32F4xx_HAL_Driver/Inc/stm32f4xx_hal.h:29,
                 from ../Core/Inc/main.h:30,
                 from C:/Users/user/source/repos/STM32/myLib/MyLib.c:7:
../Drivers/STM32F4xx_HAL_Driver/Inc/stm32f4xx_hal_uart.h:745:79: note: expected 'const uint8_t *' {aka 'const unsigned char *'} but argument is of type 'int *'
  745 | HAL_StatusTypeDef HAL_UART_Transmit(UART_HandleTypeDef *huart, const uint8_t *pData, uint16_t Size, uint32_t Timeout);
      |                                                                ~~~~~~~~~~~~~~~^~~~~
C:/Users/user/source/repos/STM32/myLib/MyLib.c: In function 'ProgramStart':
C:/Users/user/source/repos/STM32/myLib/MyLib.c:25:9: warning: implicit declaration of function 'cls' [-Wimplicit-function-declaration]
   25 |         cls();
      |         ^~~
C:/Users/user/source/repos/STM32/myLib/MyLib.c:26:9: warning: implicit declaration of function 'Cursor' [-Wimplicit-function-declaration]
   26 |         Cursor(0,0);
      |         ^~~~~~
C:/Users/user/source/repos/STM32/myLib/MyLib.c:27:9: warning: implicit declaration of function 'printf' [-Wimplicit-function-declaration]
   27 |         printf("\033[2J");//?ôîÎ©? clear
      |         ^~~~~~
C:/Users/user/source/repos/STM32/myLib/MyLib.c:8:1: note: include '<stdio.h>' or provide a declaration of 'printf'
    7 | #include "main.h"
  +++ |+#include <stdio.h>
    8 | 
C:/Users/user/source/repos/STM32/myLib/MyLib.c:27:9: warning: incompatible implicit declaration of built-in function 'printf' [-Wbuiltin-declaration-mismatch]
   27 |         printf("\033[2J");//?ôîÎ©? clear
      |         ^~~~~~
C:/Users/user/source/repos/STM32/myLib/MyLib.c:27:9: note: include '<stdio.h>' or provide a declaration of 'printf'
C:/Users/user/source/repos/STM32/myLib/MyLib.c: At top level:
C:/Users/user/source/repos/STM32/myLib/MyLib.c:35:6: warning: conflicting types for 'cls'; have 'void()'
   35 | void cls()
      |      ^~~
C:/Users/user/source/repos/STM32/myLib/MyLib.c:25:9: note: previous implicit declaration of 'cls' with type 'void()'
   25 |         cls();
      |         ^~~
C:/Users/user/source/repos/STM32/myLib/MyLib.c: In function 'cls':
C:/Users/user/source/repos/STM32/myLib/MyLib.c:37:9: warning: incompatible implicit declaration of built-in function 'printf' [-Wbuiltin-declaration-mismatch]
   37 |         printf("\033[2J");//?ôîÎ©? clear
      |         ^~~~~~
C:/Users/user/source/repos/STM32/myLib/MyLib.c:37:9: note: include '<stdio.h>' or provide a declaration of 'printf'
C:/Users/user/source/repos/STM32/myLib/MyLib.c: At top level:
C:/Users/user/source/repos/STM32/myLib/MyLib.c:40:6: warning: conflicting types for 'Cursor'; have 'void(int,  int)'
   40 | void Cursor(int x,int y)
      |      ^~~~~~
C:/Users/user/source/repos/STM32/myLib/MyLib.c:26:9: note: previous implicit declaration of 'Cursor' with type 'void(int,  int)'
   26 |         Cursor(0,0);
      |         ^~~~~~
C:/Users/user/source/repos/STM32/myLib/MyLib.c: In function 'Cursor':
C:/Users/user/source/repos/STM32/myLib/MyLib.c:43:9: warning: implicit declaration of function 'sprintf' [-Wimplicit-function-declaration]
   43 |         sprintf(buf,"\033[%d;%dH",y,x);
      |         ^~~~~~~
C:/Users/user/source/repos/STM32/myLib/MyLib.c:43:9: note: include '<stdio.h>' or provide a declaration of 'sprintf'
C:/Users/user/source/repos/STM32/myLib/MyLib.c:43:9: warning: incompatible implicit declaration of built-in function 'sprintf' [-Wbuiltin-declaration-mismatch]
C:/Users/user/source/repos/STM32/myLib/MyLib.c:43:9: note: include '<stdio.h>' or provide a declaration of 'sprintf'
C:/Users/user/source/repos/STM32/myLib/MyLib.c:44:9: warning: implicit declaration of function 'puts' [-Wimplicit-function-declaration]
   44 |         puts(buf);//Î¨∏Ïûê?ó¥ Ï∂úÎ†•?ï®?àò
      |         ^~~~
C:/Users/user/source/repos/STM32/myLib/MyLib.c:44:9: note: include '<stdio.h>' or provide a declaration of 'puts'
arm-none-eabi-gcc -o "Test003-UART.elf" @"objects.list"   -mcpu=cortex-m4 -T"C:\Users\user\source\repos\STM32\Test003-UART\STM32F411RETX_FLASH.ld" --specs=nosys.specs -Wl,-Map="Test003-UART.map" -Wl,--gc-sections -static --specs=nano.specs -mfpu=fpv4-sp-d16 -mfloat-abi=hard -mthumb -u _printf_float -u _scanf_float -Wl,--start-group -lc -lm -Wl,--end-group
Finished building target: Test003-UART.elf
 
arm-none-eabi-size  Test003-UART.elf 
arm-none-eabi-objdump -h -S Test003-UART.elf  > "Test003-UART.list"
   text	   data	    bss	    dec	    hex	filename
  31632	    476	   1980	  34088	   8528	Test003-UART.elf
Finished building: default.size.stdout
 
Finished building: Test003-UART.list
 

16:47:10 Build Finished. 0 errors, 11 warnings. (took 539ms)

