16:27:52 **** Incremental Build of configuration Debug for project Test010-RTOS ****
make -j24 all 
arm-none-eabi-gcc "../Core/Src/main.c" -mcpu=cortex-m4 -std=gnu11 -g3 -DDEBUG -DUSE_HAL_DRIVER -DSTM32F411xE -c -I../Core/Inc -I../Drivers/STM32F4xx_HAL_Driver/Inc -I../Drivers/STM32F4xx_HAL_Driver/Inc/Legacy -I../Drivers/CMSIS/Device/ST/STM32F4xx/Include -I../Drivers/CMSIS/Include -I../Middlewares/Third_Party/FreeRTOS/Source/include -I../Middlewares/Third_Party/FreeRTOS/Source/CMSIS_RTOS -I../Middlewares/Third_Party/FreeRTOS/Source/portable/GCC/ARM_CM4F -O0 -ffunction-sections -fdata-sections -Wall -fstack-usage -fcyclomatic-complexity -MMD -MP -MF"Core/Src/main.d" -MT"Core/Src/main.o" --specs=nano.specs -mfpu=fpv4-sp-d16 -mfloat-abi=hard -mthumb -o "Core/Src/main.o"
../Core/Src/main.c:66:13: warning: data definition has no type or storage class
   66 | int bn =0 ; mode =0; t1 =0;//mode : 1 button pressed 0 release
      |             ^~~~
../Core/Src/main.c:66:13: warning: type defaults to 'int' in declaration of 'mode' [-Wimplicit-int]
../Core/Src/main.c:66:22: warning: data definition has no type or storage class
   66 | int bn =0 ; mode =0; t1 =0;//mode : 1 button pressed 0 release
      |                      ^~
../Core/Src/main.c:66:22: warning: type defaults to 'int' in declaration of 't1' [-Wimplicit-int]
../Core/Src/main.c: In function 'main':
../Core/Src/main.c:257:3: warning: implicit declaration of function 'ProgramStart' [-Wimplicit-function-declaration]
  257 |   ProgramStart("RTOS-Start");
      |   ^~~~~~~~~~~~
../Core/Src/main.c: In function 'myStartTask01':
../Core/Src/main.c:457:9: warning: implicit declaration of function 'Cursor' [-Wimplicit-function-declaration]
  457 |         Cursor(0,0);
      |         ^~~~~~
../Core/Src/main.c:458:9: warning: implicit declaration of function 'printf' [-Wimplicit-function-declaration]
  458 |         printf("LD2 flashed %d times(Task1)", n1++);
      |         ^~~~~~
../Core/Src/main.c:22:1: note: include '<stdio.h>' or provide a declaration of 'printf'
   21 | #include "cmsis_os.h"
  +++ |+#include <stdio.h>
   22 | 
../Core/Src/main.c:458:9: warning: incompatible implicit declaration of built-in function 'printf' [-Wbuiltin-declaration-mismatch]
  458 |         printf("LD2 flashed %d times(Task1)", n1++);
      |         ^~~~~~
../Core/Src/main.c:458:9: note: include '<stdio.h>' or provide a declaration of 'printf'
../Core/Src/main.c: In function 'myStartTask02':
../Core/Src/main.c:485:19: warning: incompatible implicit declaration of built-in function 'printf' [-Wbuiltin-declaration-mismatch]
  485 |                   printf("B1 button pressed..... %d times", bn);
      |                   ^~~~~~
../Core/Src/main.c:485:19: note: include '<stdio.h>' or provide a declaration of 'printf'
../Core/Src/main.c:498:19: warning: incompatible implicit declaration of built-in function 'printf' [-Wbuiltin-declaration-mismatch]
  498 |                   printf("                                    ");
      |                   ^~~~~~
../Core/Src/main.c:498:19: note: include '<stdio.h>' or provide a declaration of 'printf'
../Core/Src/main.c:480:15: warning: unused variable 'd' [-Wunused-variable]
  480 |           int d;
      |               ^
../Core/Src/main.c:476:7: warning: unused variable 'n' [-Wunused-variable]
  476 |   int n=0;
      |       ^
arm-none-eabi-gcc -o "Test010-RTOS.elf" @"objects.list"   -mcpu=cortex-m4 -T"C:\Users\user\source\repos\STM32\Test010-RTOS\STM32F411RETX_FLASH.ld" --specs=nosys.specs -Wl,-Map="Test010-RTOS.map" -Wl,--gc-sections -static --specs=nano.specs -mfpu=fpv4-sp-d16 -mfloat-abi=hard -mthumb -Wl,--start-group -lc -lm -Wl,--end-group
Finished building target: Test010-RTOS.elf
 
arm-none-eabi-size  Test010-RTOS.elf 
arm-none-eabi-objdump -h -S Test010-RTOS.elf  > "Test010-RTOS.list"
   text	   data	    bss	    dec	    hex	filename
  22916	    116	  18444	  41476	   a204	Test010-RTOS.elf
Finished building: default.size.stdout
 
Finished building: Test010-RTOS.list
 

16:27:53 Build Finished. 0 errors, 12 warnings. (took 954ms)

